[2024-03-15T20:15:12.224+0000][0.038s] Using G1
[2024-03-15T20:15:12.303+0000][0.118s] Version: 17.0.10+7 (release)
[2024-03-15T20:15:12.304+0000][0.118s] CPUs: 8 total, 8 available
[2024-03-15T20:15:12.304+0000][0.118s] Memory: 7893M
[2024-03-15T20:15:12.304+0000][0.119s] Large Page Support: Disabled
[2024-03-15T20:15:12.304+0000][0.119s] NUMA Support: Disabled
[2024-03-15T20:15:12.304+0000][0.119s] Compressed Oops: Enabled (32-bit)
[2024-03-15T20:15:12.305+0000][0.119s] Heap Region Size: 1M
[2024-03-15T20:15:12.305+0000][0.119s] Heap Min Capacity: 512M
[2024-03-15T20:15:12.305+0000][0.119s] Heap Initial Capacity: 512M
[2024-03-15T20:15:12.306+0000][0.121s] Heap Max Capacity: 512M
[2024-03-15T20:15:12.306+0000][0.121s] Pre-touch: Enabled
[2024-03-15T20:15:12.306+0000][0.121s] Parallel Workers: 8
[2024-03-15T20:15:12.307+0000][0.121s] Concurrent Workers: 2
[2024-03-15T20:15:12.307+0000][0.121s] Concurrent Refinement Workers: 8
[2024-03-15T20:15:12.307+0000][0.122s] Periodic GC: Disabled
[2024-03-15T20:15:12.320+0000][0.135s] CDS archive(s) mapped at: [0x00007fb82b000000-0x00007fb82ba5f000-0x00007fb82ba5f000), size 10874880, SharedBaseAddress: 0x00007fb82b000000, ArchiveRelocationMode: 1.
[2024-03-15T20:15:12.322+0000][0.137s] Compressed class space mapped at: 0x00007fb82c000000-0x00007fb86c000000, reserved size: 1073741824
[2024-03-15T20:15:12.323+0000][0.137s] Narrow klass base: 0x00007fb82b000000, Narrow klass shift: 0, Narrow klass range: 0x100000000
[2024-03-15T20:15:13.395+0000][1.210s] GC(0) Pause Young (Normal) (G1 Evacuation Pause)
[2024-03-15T20:15:13.396+0000][1.210s] GC(0) Using 8 workers of 8 for evacuation
[2024-03-15T20:15:13.399+0000][1.214s] GC(0)   Pre Evacuate Collection Set: 0.2ms
[2024-03-15T20:15:13.400+0000][1.214s] GC(0)   Merge Heap Roots: 0.2ms
[2024-03-15T20:15:13.400+0000][1.214s] GC(0)   Evacuate Collection Set: 2.4ms
[2024-03-15T20:15:13.400+0000][1.214s] GC(0)   Post Evacuate Collection Set: 0.7ms
[2024-03-15T20:15:13.400+0000][1.215s] GC(0)   Other: 0.5ms
[2024-03-15T20:15:13.400+0000][1.215s] GC(0) Eden regions: 29->0(57)
[2024-03-15T20:15:13.400+0000][1.215s] GC(0) Survivor regions: 0->4(4)
[2024-03-15T20:15:13.400+0000][1.215s] GC(0) Old regions: 0->1
[2024-03-15T20:15:13.401+0000][1.215s] GC(0) Archive regions: 2->2
[2024-03-15T20:15:13.401+0000][1.215s] GC(0) Humongous regions: 0->0
[2024-03-15T20:15:13.401+0000][1.215s] GC(0) Metaspace: 10107K(10432K)->10107K(10432K) NonClass: 8850K(9024K)->8850K(9024K) Class: 1257K(1408K)->1257K(1408K)
[2024-03-15T20:15:13.401+0000][1.215s] GC(0) Pause Young (Normal) (G1 Evacuation Pause) 29M->5M(512M) 5.395ms
[2024-03-15T20:15:13.401+0000][1.216s] GC(0) User=0.03s Sys=0.01s Real=0.01s
[2024-03-15T20:15:14.158+0000][1.973s] GC(1) Pause Young (Normal) (G1 Evacuation Pause)
[2024-03-15T20:15:14.159+0000][1.973s] GC(1) Using 8 workers of 8 for evacuation
[2024-03-15T20:15:14.167+0000][1.982s] GC(1)   Pre Evacuate Collection Set: 0.1ms
[2024-03-15T20:15:14.168+0000][1.982s] GC(1)   Merge Heap Roots: 0.1ms
[2024-03-15T20:15:14.168+0000][1.982s] GC(1)   Evacuate Collection Set: 7.5ms
[2024-03-15T20:15:14.168+0000][1.983s] GC(1)   Post Evacuate Collection Set: 0.8ms
[2024-03-15T20:15:14.168+0000][1.983s] GC(1)   Other: 0.5ms
[2024-03-15T20:15:14.168+0000][1.983s] GC(1) Eden regions: 54->0(64)
[2024-03-15T20:15:14.168+0000][1.983s] GC(1) Survivor regions: 4->8(8)
[2024-03-15T20:15:14.168+0000][1.983s] GC(1) Old regions: 1->9
[2024-03-15T20:15:14.169+0000][1.983s] GC(1) Archive regions: 2->2
[2024-03-15T20:15:14.169+0000][1.983s] GC(1) Humongous regions: 4->4
[2024-03-15T20:15:14.169+0000][1.984s] GC(1) Metaspace: 17923K(18112K)->17923K(18112K) NonClass: 15708K(15808K)->15708K(15808K) Class: 2215K(2304K)->2215K(2304K)
[2024-03-15T20:15:14.169+0000][1.984s] GC(1) Pause Young (Normal) (G1 Evacuation Pause) 63M->21M(512M) 10.983ms
[2024-03-15T20:15:14.170+0000][1.984s] GC(1) User=0.05s Sys=0.01s Real=0.01s
[2024-03-15T20:15:14.658+0000][2.473s] GC(2) Pause Young (Concurrent Start) (Metadata GC Threshold)
[2024-03-15T20:15:14.658+0000][2.473s] GC(2) Using 8 workers of 8 for evacuation
[2024-03-15T20:15:14.664+0000][2.479s] GC(2)   Pre Evacuate Collection Set: 0.2ms
[2024-03-15T20:15:14.665+0000][2.479s] GC(2)   Merge Heap Roots: 0.1ms
[2024-03-15T20:15:14.665+0000][2.479s] GC(2)   Evacuate Collection Set: 4.5ms
[2024-03-15T20:15:14.665+0000][2.479s] GC(2)   Post Evacuate Collection Set: 0.7ms
[2024-03-15T20:15:14.665+0000][2.480s] GC(2)   Other: 0.7ms
[2024-03-15T20:15:14.665+0000][2.480s] GC(2) Eden regions: 31->0(71)
[2024-03-15T20:15:14.665+0000][2.480s] GC(2) Survivor regions: 8->3(9)
[2024-03-15T20:15:14.665+0000][2.480s] GC(2) Old regions: 9->18
[2024-03-15T20:15:14.666+0000][2.480s] GC(2) Archive regions: 2->2
[2024-03-15T20:15:14.666+0000][2.480s] GC(2) Humongous regions: 4->4
[2024-03-15T20:15:14.666+0000][2.481s] GC(2) Metaspace: 21166K(21504K)->21166K(21504K) NonClass: 18548K(18688K)->18548K(18688K) Class: 2617K(2816K)->2617K(2816K)
[2024-03-15T20:15:14.666+0000][2.481s] GC(2) Pause Young (Concurrent Start) (Metadata GC Threshold) 52M->24M(512M) 7.987ms
[2024-03-15T20:15:14.666+0000][2.481s] GC(2) User=0.03s Sys=0.00s Real=0.01s
[2024-03-15T20:15:14.666+0000][2.481s] GC(3) Concurrent Mark Cycle
[2024-03-15T20:15:14.667+0000][2.481s] GC(3) Concurrent Clear Claimed Marks
[2024-03-15T20:15:14.667+0000][2.481s] GC(3) Concurrent Clear Claimed Marks 0.219ms
[2024-03-15T20:15:14.667+0000][2.482s] GC(3) Concurrent Scan Root Regions
[2024-03-15T20:15:14.670+0000][2.485s] GC(3) Concurrent Scan Root Regions 3.277ms
[2024-03-15T20:15:14.671+0000][2.485s] GC(3) Concurrent Mark
[2024-03-15T20:15:14.671+0000][2.485s] GC(3) Concurrent Mark From Roots
[2024-03-15T20:15:14.671+0000][2.486s] GC(3) Using 2 workers of 2 for marking
[2024-03-15T20:15:14.682+0000][2.497s] GC(3) Concurrent Mark From Roots 11.278ms
[2024-03-15T20:15:14.682+0000][2.497s] GC(3) Concurrent Preclean
[2024-03-15T20:15:14.683+0000][2.497s] GC(3) Concurrent Preclean 0.278ms
[2024-03-15T20:15:14.683+0000][2.498s] GC(3) Pause Remark
[2024-03-15T20:15:14.685+0000][2.500s] GC(3) Pause Remark 25M->25M(512M) 2.475ms
[2024-03-15T20:15:14.686+0000][2.500s] GC(3) User=0.00s Sys=0.00s Real=0.00s
[2024-03-15T20:15:14.686+0000][2.501s] GC(3) Concurrent Mark 15.275ms
[2024-03-15T20:15:14.686+0000][2.501s] GC(3) Concurrent Rebuild Remembered Sets
[2024-03-15T20:15:14.693+0000][2.508s] GC(3) Concurrent Rebuild Remembered Sets 7.342ms
[2024-03-15T20:15:14.694+0000][2.509s] GC(3) Pause Cleanup
[2024-03-15T20:15:14.695+0000][2.509s] GC(3) Pause Cleanup 26M->26M(512M) 0.375ms
[2024-03-15T20:15:14.695+0000][2.509s] GC(3) User=0.00s Sys=0.00s Real=0.00s
[2024-03-15T20:15:14.695+0000][2.510s] GC(3) Concurrent Cleanup for Next Mark
[2024-03-15T20:15:14.696+0000][2.510s] GC(3) Concurrent Cleanup for Next Mark 0.594ms
[2024-03-15T20:15:14.696+0000][2.511s] GC(3) Concurrent Mark Cycle 29.541ms
[2024-03-15T20:15:16.020+0000][3.835s] GC(4) Pause Young (Prepare Mixed) (G1 Evacuation Pause)
[2024-03-15T20:15:16.020+0000][3.835s] GC(4) Using 8 workers of 8 for evacuation
[2024-03-15T20:15:16.025+0000][3.840s] GC(4)   Pre Evacuate Collection Set: 0.2ms
[2024-03-15T20:15:16.026+0000][3.840s] GC(4)   Merge Heap Roots: 0.2ms
[2024-03-15T20:15:16.026+0000][3.840s] GC(4)   Evacuate Collection Set: 3.2ms
[2024-03-15T20:15:16.026+0000][3.841s] GC(4)   Post Evacuate Collection Set: 1.2ms
[2024-03-15T20:15:16.026+0000][3.841s] GC(4)   Other: 0.6ms
[2024-03-15T20:15:16.027+0000][3.841s] GC(4) Eden regions: 71->0(19)
[2024-03-15T20:15:16.027+0000][3.841s] GC(4) Survivor regions: 3->6(10)
[2024-03-15T20:15:16.027+0000][3.842s] GC(4) Old regions: 18->18
[2024-03-15T20:15:16.027+0000][3.842s] GC(4) Archive regions: 2->2
[2024-03-15T20:15:16.027+0000][3.842s] GC(4) Humongous regions: 4->4
[2024-03-15T20:15:16.028+0000][3.842s] GC(4) Metaspace: 31974K(32384K)->31974K(32384K) NonClass: 28017K(28224K)->28017K(28224K) Class: 3957K(4160K)->3957K(4160K)
[2024-03-15T20:15:16.028+0000][3.843s] GC(4) Pause Young (Prepare Mixed) (G1 Evacuation Pause) 95M->27M(512M) 7.981ms
[2024-03-15T20:15:16.028+0000][3.843s] GC(4) User=0.04s Sys=0.00s Real=0.01s
[2024-03-15T20:15:16.445+0000][4.260s] GC(5) Pause Young (Mixed) (G1 Evacuation Pause)
[2024-03-15T20:15:16.446+0000][4.260s] GC(5) Using 8 workers of 8 for evacuation
[2024-03-15T20:15:16.452+0000][4.267s] GC(5)   Pre Evacuate Collection Set: 0.1ms
[2024-03-15T20:15:16.452+0000][4.267s] GC(5)   Merge Heap Roots: 0.1ms
[2024-03-15T20:15:16.453+0000][4.267s] GC(5)   Evacuate Collection Set: 4.7ms
[2024-03-15T20:15:16.453+0000][4.267s] GC(5)   Post Evacuate Collection Set: 1.1ms
[2024-03-15T20:15:16.453+0000][4.268s] GC(5)   Other: 0.7ms
[2024-03-15T20:15:16.454+0000][4.268s] GC(5) Eden regions: 19->0(304)
[2024-03-15T20:15:16.454+0000][4.269s] GC(5) Survivor regions: 6->3(4)
[2024-03-15T20:15:16.454+0000][4.269s] GC(5) Old regions: 18->23
[2024-03-15T20:15:16.454+0000][4.269s] GC(5) Archive regions: 2->2
[2024-03-15T20:15:16.454+0000][4.269s] GC(5) Humongous regions: 4->4
[2024-03-15T20:15:16.455+0000][4.269s] GC(5) Metaspace: 34637K(35008K)->34637K(35008K) NonClass: 30288K(30464K)->30288K(30464K) Class: 4348K(4544K)->4348K(4544K)
[2024-03-15T20:15:16.455+0000][4.269s] GC(5) Pause Young (Mixed) (G1 Evacuation Pause) 46M->29M(512M) 9.528ms
[2024-03-15T20:15:16.455+0000][4.270s] GC(5) User=0.06s Sys=0.00s Real=0.01s
[2024-03-15T20:15:16.608+0000][4.422s] GC(6) Pause Young (Concurrent Start) (Metadata GC Threshold)
[2024-03-15T20:15:16.608+0000][4.423s] GC(6) Using 8 workers of 8 for evacuation
[2024-03-15T20:15:16.612+0000][4.426s] GC(6)   Pre Evacuate Collection Set: 0.2ms
[2024-03-15T20:15:16.612+0000][4.427s] GC(6)   Merge Heap Roots: 0.2ms
[2024-03-15T20:15:16.612+0000][4.427s] GC(6)   Evacuate Collection Set: 2.3ms
[2024-03-15T20:15:16.612+0000][4.427s] GC(6)   Post Evacuate Collection Set: 0.6ms
[2024-03-15T20:15:16.612+0000][4.427s] GC(6)   Other: 0.7ms
[2024-03-15T20:15:16.613+0000][4.427s] GC(6) Eden regions: 9->0(304)
[2024-03-15T20:15:16.613+0000][4.427s] GC(6) Survivor regions: 3->3(39)
[2024-03-15T20:15:16.613+0000][4.428s] GC(6) Old regions: 23->23
[2024-03-15T20:15:16.613+0000][4.428s] GC(6) Archive regions: 2->2
[2024-03-15T20:15:16.613+0000][4.428s] GC(6) Humongous regions: 4->4
[2024-03-15T20:15:16.613+0000][4.428s] GC(6) Metaspace: 35774K(36160K)->35774K(36160K) NonClass: 31289K(31488K)->31289K(31488K) Class: 4484K(4672K)->4484K(4672K)
[2024-03-15T20:15:16.614+0000][4.428s] GC(6) Pause Young (Concurrent Start) (Metadata GC Threshold) 38M->29M(512M) 5.907ms
[2024-03-15T20:15:16.614+0000][4.428s] GC(6) User=0.02s Sys=0.00s Real=0.00s
[2024-03-15T20:15:16.614+0000][4.429s] GC(7) Concurrent Mark Cycle
[2024-03-15T20:15:16.614+0000][4.429s] GC(7) Concurrent Clear Claimed Marks
[2024-03-15T20:15:16.614+0000][4.429s] GC(7) Concurrent Clear Claimed Marks 0.235ms
[2024-03-15T20:15:16.615+0000][4.429s] GC(7) Concurrent Scan Root Regions
[2024-03-15T20:15:16.616+0000][4.431s] GC(7) Concurrent Scan Root Regions 1.928ms
[2024-03-15T20:15:16.617+0000][4.431s] GC(7) Concurrent Mark
[2024-03-15T20:15:16.617+0000][4.432s] GC(7) Concurrent Mark From Roots
[2024-03-15T20:15:16.617+0000][4.432s] GC(7) Using 2 workers of 2 for marking
[2024-03-15T20:15:16.646+0000][4.460s] GC(7) Concurrent Mark From Roots 28.679ms
[2024-03-15T20:15:16.646+0000][4.461s] GC(7) Concurrent Preclean
[2024-03-15T20:15:16.646+0000][4.461s] GC(7) Concurrent Preclean 0.433ms
[2024-03-15T20:15:16.647+0000][4.461s] GC(7) Pause Remark
[2024-03-15T20:15:16.650+0000][4.464s] GC(7) Pause Remark 32M->32M(512M) 2.993ms
[2024-03-15T20:15:16.650+0000][4.465s] GC(7) User=0.01s Sys=0.00s Real=0.00s
[2024-03-15T20:15:16.650+0000][4.465s] GC(7) Concurrent Mark 33.629ms
[2024-03-15T20:15:16.651+0000][4.465s] GC(7) Concurrent Rebuild Remembered Sets
[2024-03-15T20:15:16.663+0000][4.478s] GC(7) Concurrent Rebuild Remembered Sets 12.448ms
[2024-03-15T20:15:16.663+0000][4.478s] GC(7) Pause Cleanup
[2024-03-15T20:15:16.664+0000][4.479s] GC(7) Pause Cleanup 33M->33M(512M) 0.517ms
[2024-03-15T20:15:16.664+0000][4.479s] GC(7) User=0.00s Sys=0.00s Real=0.00s
[2024-03-15T20:15:16.664+0000][4.479s] GC(7) Concurrent Cleanup for Next Mark
[2024-03-15T20:15:16.665+0000][4.480s] GC(7) Concurrent Cleanup for Next Mark 0.813ms
[2024-03-15T20:15:16.666+0000][4.481s] GC(7) Concurrent Mark Cycle 51.956ms
[2024-03-15T20:15:36.942+0000][24.757s] Heap
[2024-03-15T20:15:36.942+0000][24.757s]  garbage-first heap   total 524288K, used 216673K [0x00000000e0000000, 0x0000000100000000)
[2024-03-15T20:15:36.942+0000][24.757s]   region size 1024K, 185 young (189440K), 3 survivors (3072K)
[2024-03-15T20:15:36.942+0000][24.757s]  Metaspace       used 54214K, committed 54720K, reserved 1114112K
[2024-03-15T20:15:36.943+0000][24.757s]   class space    used 7016K, committed 7232K, reserved 1048576K
