[2024-03-15T20:02:13.308+0000][0.033s] Using G1
[2024-03-15T20:02:13.418+0000][0.143s] Version: 17.0.10+7 (release)
[2024-03-15T20:02:13.418+0000][0.143s] CPUs: 8 total, 8 available
[2024-03-15T20:02:13.418+0000][0.144s] Memory: 7893M
[2024-03-15T20:02:13.419+0000][0.144s] Large Page Support: Disabled
[2024-03-15T20:02:13.419+0000][0.144s] NUMA Support: Disabled
[2024-03-15T20:02:13.419+0000][0.144s] Compressed Oops: Enabled (32-bit)
[2024-03-15T20:02:13.419+0000][0.145s] Heap Region Size: 1M
[2024-03-15T20:02:13.420+0000][0.145s] Heap Min Capacity: 512M
[2024-03-15T20:02:13.420+0000][0.145s] Heap Initial Capacity: 512M
[2024-03-15T20:02:13.420+0000][0.146s] Heap Max Capacity: 512M
[2024-03-15T20:02:13.421+0000][0.146s] Pre-touch: Enabled
[2024-03-15T20:02:13.421+0000][0.146s] Parallel Workers: 8
[2024-03-15T20:02:13.421+0000][0.146s] Concurrent Workers: 2
[2024-03-15T20:02:13.421+0000][0.146s] Concurrent Refinement Workers: 8
[2024-03-15T20:02:13.421+0000][0.147s] Periodic GC: Disabled
[2024-03-15T20:02:13.428+0000][0.154s] CDS archive(s) mapped at: [0x00007f085b000000-0x00007f085ba5f000-0x00007f085ba5f000), size 10874880, SharedBaseAddress: 0x00007f085b000000, ArchiveRelocationMode: 1.
[2024-03-15T20:02:13.429+0000][0.154s] Compressed class space mapped at: 0x00007f085c000000-0x00007f089c000000, reserved size: 1073741824
[2024-03-15T20:02:13.429+0000][0.154s] Narrow klass base: 0x00007f085b000000, Narrow klass shift: 0, Narrow klass range: 0x100000000
[2024-03-15T20:02:14.552+0000][1.277s] GC(0) Pause Young (Normal) (G1 Evacuation Pause)
[2024-03-15T20:02:14.553+0000][1.278s] GC(0) Using 8 workers of 8 for evacuation
[2024-03-15T20:02:14.557+0000][1.282s] GC(0)   Pre Evacuate Collection Set: 0.2ms
[2024-03-15T20:02:14.557+0000][1.283s] GC(0)   Merge Heap Roots: 0.2ms
[2024-03-15T20:02:14.558+0000][1.283s] GC(0)   Evacuate Collection Set: 3.1ms
[2024-03-15T20:02:14.558+0000][1.283s] GC(0)   Post Evacuate Collection Set: 0.8ms
[2024-03-15T20:02:14.558+0000][1.283s] GC(0)   Other: 0.8ms
[2024-03-15T20:02:14.558+0000][1.283s] GC(0) Eden regions: 29->0(57)
[2024-03-15T20:02:14.558+0000][1.284s] GC(0) Survivor regions: 0->4(4)
[2024-03-15T20:02:14.559+0000][1.284s] GC(0) Old regions: 0->1
[2024-03-15T20:02:14.559+0000][1.284s] GC(0) Archive regions: 2->2
[2024-03-15T20:02:14.559+0000][1.284s] GC(0) Humongous regions: 0->0
[2024-03-15T20:02:14.559+0000][1.284s] GC(0) Metaspace: 10148K(10432K)->10148K(10432K) NonClass: 8887K(9024K)->8887K(9024K) Class: 1261K(1408K)->1261K(1408K)
[2024-03-15T20:02:14.559+0000][1.284s] GC(0) Pause Young (Normal) (G1 Evacuation Pause) 29M->5M(512M) 7.064ms
[2024-03-15T20:02:14.559+0000][1.285s] GC(0) User=0.02s Sys=0.01s Real=0.00s
[2024-03-15T20:02:15.550+0000][2.275s] GC(1) Pause Young (Normal) (G1 Evacuation Pause)
[2024-03-15T20:02:15.550+0000][2.276s] GC(1) Using 8 workers of 8 for evacuation
[2024-03-15T20:02:15.558+0000][2.284s] GC(1)   Pre Evacuate Collection Set: 0.2ms
[2024-03-15T20:02:15.559+0000][2.284s] GC(1)   Merge Heap Roots: 0.1ms
[2024-03-15T20:02:15.559+0000][2.284s] GC(1)   Evacuate Collection Set: 6.6ms
[2024-03-15T20:02:15.559+0000][2.284s] GC(1)   Post Evacuate Collection Set: 0.8ms
[2024-03-15T20:02:15.559+0000][2.284s] GC(1)   Other: 0.5ms
[2024-03-15T20:02:15.559+0000][2.284s] GC(1) Eden regions: 55->0(65)
[2024-03-15T20:02:15.559+0000][2.284s] GC(1) Survivor regions: 4->8(8)
[2024-03-15T20:02:15.559+0000][2.285s] GC(1) Old regions: 1->10
[2024-03-15T20:02:15.559+0000][2.285s] GC(1) Archive regions: 2->2
[2024-03-15T20:02:15.560+0000][2.285s] GC(1) Humongous regions: 4->4
[2024-03-15T20:02:15.560+0000][2.285s] GC(1) Metaspace: 17923K(18176K)->17923K(18176K) NonClass: 15707K(15872K)->15707K(15872K) Class: 2215K(2304K)->2215K(2304K)
[2024-03-15T20:02:15.560+0000][2.285s] GC(1) Pause Young (Normal) (G1 Evacuation Pause) 64M->22M(512M) 9.694ms
[2024-03-15T20:02:15.560+0000][2.285s] GC(1) User=0.06s Sys=0.00s Real=0.01s
[2024-03-15T20:02:15.964+0000][2.690s] GC(2) Pause Young (Concurrent Start) (Metadata GC Threshold)
[2024-03-15T20:02:15.965+0000][2.690s] GC(2) Using 8 workers of 8 for evacuation
[2024-03-15T20:02:15.971+0000][2.696s] GC(2)   Pre Evacuate Collection Set: 0.2ms
[2024-03-15T20:02:15.971+0000][2.697s] GC(2)   Merge Heap Roots: 0.2ms
[2024-03-15T20:02:15.972+0000][2.697s] GC(2)   Evacuate Collection Set: 4.6ms
[2024-03-15T20:02:15.972+0000][2.697s] GC(2)   Post Evacuate Collection Set: 0.9ms
[2024-03-15T20:02:15.972+0000][2.697s] GC(2)   Other: 0.7ms
[2024-03-15T20:02:15.972+0000][2.698s] GC(2) Eden regions: 30->0(74)
[2024-03-15T20:02:15.973+0000][2.698s] GC(2) Survivor regions: 8->2(9)
[2024-03-15T20:02:15.973+0000][2.698s] GC(2) Old regions: 10->18
[2024-03-15T20:02:15.973+0000][2.698s] GC(2) Archive regions: 2->2
[2024-03-15T20:02:15.973+0000][2.698s] GC(2) Humongous regions: 4->4
[2024-03-15T20:02:15.973+0000][2.699s] GC(2) Metaspace: 21164K(21504K)->21164K(21504K) NonClass: 18547K(18688K)->18547K(18688K) Class: 2617K(2816K)->2617K(2816K)
[2024-03-15T20:02:15.974+0000][2.699s] GC(2) Pause Young (Concurrent Start) (Metadata GC Threshold) 51M->24M(512M) 9.262ms
[2024-03-15T20:02:15.974+0000][2.699s] GC(2) User=0.03s Sys=0.00s Real=0.01s
[2024-03-15T20:02:15.974+0000][2.699s] GC(3) Concurrent Mark Cycle
[2024-03-15T20:02:15.975+0000][2.700s] GC(3) Concurrent Clear Claimed Marks
[2024-03-15T20:02:15.975+0000][2.700s] GC(3) Concurrent Clear Claimed Marks 0.296ms
[2024-03-15T20:02:15.975+0000][2.700s] GC(3) Concurrent Scan Root Regions
[2024-03-15T20:02:15.979+0000][2.704s] GC(3) Concurrent Scan Root Regions 3.332ms
[2024-03-15T20:02:15.979+0000][2.704s] GC(3) Concurrent Mark
[2024-03-15T20:02:15.979+0000][2.704s] GC(3) Concurrent Mark From Roots
[2024-03-15T20:02:15.979+0000][2.705s] GC(3) Using 2 workers of 2 for marking
[2024-03-15T20:02:15.990+0000][2.715s] GC(3) Concurrent Mark From Roots 11.143ms
[2024-03-15T20:02:15.991+0000][2.716s] GC(3) Concurrent Preclean
[2024-03-15T20:02:15.991+0000][2.716s] GC(3) Concurrent Preclean 0.421ms
[2024-03-15T20:02:15.991+0000][2.717s] GC(3) Pause Remark
[2024-03-15T20:02:15.994+0000][2.719s] GC(3) Pause Remark 25M->25M(512M) 2.562ms
[2024-03-15T20:02:15.994+0000][2.719s] GC(3) User=0.01s Sys=0.00s Real=0.00s
[2024-03-15T20:02:15.994+0000][2.720s] GC(3) Concurrent Mark 15.436ms
[2024-03-15T20:02:15.994+0000][2.720s] GC(3) Concurrent Rebuild Remembered Sets
[2024-03-15T20:02:16.001+0000][2.726s] GC(3) Concurrent Rebuild Remembered Sets 6.715ms
[2024-03-15T20:02:16.002+0000][2.727s] GC(3) Pause Cleanup
[2024-03-15T20:02:16.002+0000][2.727s] GC(3) Pause Cleanup 26M->26M(512M) 0.339ms
[2024-03-15T20:02:16.002+0000][2.727s] GC(3) User=0.00s Sys=0.00s Real=0.00s
[2024-03-15T20:02:16.002+0000][2.728s] GC(3) Concurrent Cleanup for Next Mark
[2024-03-15T20:02:16.003+0000][2.728s] GC(3) Concurrent Cleanup for Next Mark 0.719ms
[2024-03-15T20:02:16.003+0000][2.729s] GC(3) Concurrent Mark Cycle 29.194ms
[2024-03-15T20:02:17.368+0000][4.093s] GC(4) Pause Young (Prepare Mixed) (G1 Evacuation Pause)
[2024-03-15T20:02:17.368+0000][4.094s] GC(4) Using 8 workers of 8 for evacuation
[2024-03-15T20:02:17.374+0000][4.100s] GC(4)   Pre Evacuate Collection Set: 0.2ms
[2024-03-15T20:02:17.375+0000][4.100s] GC(4)   Merge Heap Roots: 0.2ms
[2024-03-15T20:02:17.375+0000][4.100s] GC(4)   Evacuate Collection Set: 4.1ms
[2024-03-15T20:02:17.375+0000][4.100s] GC(4)   Post Evacuate Collection Set: 1.2ms
[2024-03-15T20:02:17.375+0000][4.101s] GC(4)   Other: 0.7ms
[2024-03-15T20:02:17.376+0000][4.101s] GC(4) Eden regions: 74->0(18)
[2024-03-15T20:02:17.376+0000][4.101s] GC(4) Survivor regions: 2->7(10)
[2024-03-15T20:02:17.376+0000][4.101s] GC(4) Old regions: 18->18
[2024-03-15T20:02:17.376+0000][4.101s] GC(4) Archive regions: 2->2
[2024-03-15T20:02:17.376+0000][4.102s] GC(4) Humongous regions: 4->4
[2024-03-15T20:02:17.376+0000][4.102s] GC(4) Metaspace: 33270K(33600K)->33270K(33600K) NonClass: 29129K(29312K)->29129K(29312K) Class: 4140K(4288K)->4140K(4288K)
[2024-03-15T20:02:17.377+0000][4.102s] GC(4) Pause Young (Prepare Mixed) (G1 Evacuation Pause) 98M->28M(512M) 8.606ms
[2024-03-15T20:02:17.377+0000][4.102s] GC(4) User=0.03s Sys=0.01s Real=0.01s
[2024-03-15T20:02:17.856+0000][4.582s] GC(5) Pause Young (Mixed) (G1 Evacuation Pause)
[2024-03-15T20:02:17.857+0000][4.582s] GC(5) Using 8 workers of 8 for evacuation
[2024-03-15T20:02:17.863+0000][4.588s] GC(5)   Pre Evacuate Collection Set: 0.2ms
[2024-03-15T20:02:17.863+0000][4.588s] GC(5)   Merge Heap Roots: 0.2ms
[2024-03-15T20:02:17.863+0000][4.589s] GC(5)   Evacuate Collection Set: 4.5ms
[2024-03-15T20:02:17.863+0000][4.589s] GC(5)   Post Evacuate Collection Set: 0.9ms
[2024-03-15T20:02:17.864+0000][4.589s] GC(5)   Other: 0.7ms
[2024-03-15T20:02:17.864+0000][4.589s] GC(5) Eden regions: 18->0(305)
[2024-03-15T20:02:17.864+0000][4.589s] GC(5) Survivor regions: 7->2(4)
[2024-03-15T20:02:17.864+0000][4.589s] GC(5) Old regions: 18->24
[2024-03-15T20:02:17.864+0000][4.589s] GC(5) Archive regions: 2->2
[2024-03-15T20:02:17.864+0000][4.590s] GC(5) Humongous regions: 4->4
[2024-03-15T20:02:17.864+0000][4.590s] GC(5) Metaspace: 35356K(35776K)->35356K(35776K) NonClass: 30909K(31104K)->30909K(31104K) Class: 4446K(4672K)->4446K(4672K)
[2024-03-15T20:02:17.865+0000][4.590s] GC(5) Pause Young (Mixed) (G1 Evacuation Pause) 46M->29M(512M) 8.364ms
[2024-03-15T20:02:17.865+0000][4.590s] GC(5) User=0.05s Sys=0.00s Real=0.01s
[2024-03-15T20:02:17.889+0000][4.614s] GC(6) Pause Young (Concurrent Start) (Metadata GC Threshold)
[2024-03-15T20:02:17.889+0000][4.614s] GC(6) Using 8 workers of 8 for evacuation
[2024-03-15T20:02:17.893+0000][4.618s] GC(6)   Pre Evacuate Collection Set: 0.2ms
[2024-03-15T20:02:17.893+0000][4.618s] GC(6)   Merge Heap Roots: 0.2ms
[2024-03-15T20:02:17.893+0000][4.618s] GC(6)   Evacuate Collection Set: 2.2ms
[2024-03-15T20:02:17.893+0000][4.619s] GC(6)   Post Evacuate Collection Set: 0.9ms
[2024-03-15T20:02:17.893+0000][4.619s] GC(6)   Other: 0.6ms
[2024-03-15T20:02:17.894+0000][4.619s] GC(6) Eden regions: 2->0(305)
[2024-03-15T20:02:17.894+0000][4.619s] GC(6) Survivor regions: 2->2(39)
[2024-03-15T20:02:17.894+0000][4.619s] GC(6) Old regions: 24->24
[2024-03-15T20:02:17.894+0000][4.619s] GC(6) Archive regions: 2->2
[2024-03-15T20:02:17.894+0000][4.619s] GC(6) Humongous regions: 4->4
[2024-03-15T20:02:17.894+0000][4.620s] GC(6) Metaspace: 35753K(36160K)->35753K(36160K) NonClass: 31267K(31488K)->31267K(31488K) Class: 4485K(4672K)->4485K(4672K)
[2024-03-15T20:02:17.895+0000][4.620s] GC(6) Pause Young (Concurrent Start) (Metadata GC Threshold) 31M->29M(512M) 5.884ms
[2024-03-15T20:02:17.895+0000][4.620s] GC(6) User=0.04s Sys=0.00s Real=0.01s
[2024-03-15T20:02:17.895+0000][4.620s] GC(7) Concurrent Mark Cycle
[2024-03-15T20:02:17.895+0000][4.620s] GC(7) Concurrent Clear Claimed Marks
[2024-03-15T20:02:17.895+0000][4.621s] GC(7) Concurrent Clear Claimed Marks 0.234ms
[2024-03-15T20:02:17.895+0000][4.621s] GC(7) Concurrent Scan Root Regions
[2024-03-15T20:02:17.897+0000][4.623s] GC(7) Concurrent Scan Root Regions 1.834ms
[2024-03-15T20:02:17.898+0000][4.623s] GC(7) Concurrent Mark
[2024-03-15T20:02:17.898+0000][4.623s] GC(7) Concurrent Mark From Roots
[2024-03-15T20:02:17.898+0000][4.623s] GC(7) Using 2 workers of 2 for marking
[2024-03-15T20:02:17.930+0000][4.656s] GC(7) Concurrent Mark From Roots 32.514ms
[2024-03-15T20:02:17.931+0000][4.657s] GC(7) Concurrent Preclean
[2024-03-15T20:02:17.932+0000][4.657s] GC(7) Concurrent Preclean 0.524ms
[2024-03-15T20:02:17.932+0000][4.658s] GC(7) Pause Remark
[2024-03-15T20:02:17.936+0000][4.662s] GC(7) Pause Remark 32M->32M(512M) 4.071ms
[2024-03-15T20:02:17.937+0000][4.662s] GC(7) User=0.02s Sys=0.01s Real=0.00s
[2024-03-15T20:02:17.937+0000][4.663s] GC(7) Concurrent Mark 39.657ms
[2024-03-15T20:02:17.938+0000][4.663s] GC(7) Concurrent Rebuild Remembered Sets
[2024-03-15T20:02:17.953+0000][4.678s] GC(7) Concurrent Rebuild Remembered Sets 15.345ms
[2024-03-15T20:02:17.954+0000][4.679s] GC(7) Pause Cleanup
[2024-03-15T20:02:17.955+0000][4.680s] GC(7) Pause Cleanup 33M->33M(512M) 1.353ms
[2024-03-15T20:02:17.955+0000][4.681s] GC(7) User=0.00s Sys=0.00s Real=0.00s
[2024-03-15T20:02:17.956+0000][4.681s] GC(7) Concurrent Cleanup for Next Mark
[2024-03-15T20:02:17.959+0000][4.685s] GC(7) Concurrent Cleanup for Next Mark 3.301ms
[2024-03-15T20:02:17.960+0000][4.685s] GC(7) Concurrent Mark Cycle 64.887ms
[2024-03-15T20:14:57.079+0000][763.809s] Heap
[2024-03-15T20:14:57.079+0000][763.809s]  garbage-first heap   total 524288K, used 242263K [0x00000000e0000000, 0x0000000100000000)
[2024-03-15T20:14:57.079+0000][763.809s]   region size 1024K, 209 young (214016K), 2 survivors (2048K)
[2024-03-15T20:14:57.080+0000][763.809s]  Metaspace       used 55866K, committed 56448K, reserved 1114112K
[2024-03-15T20:14:57.080+0000][763.809s]   class space    used 7215K, committed 7488K, reserved 1048576K
