[2024-03-15T00:54:00.974+0000][0.025s] Using G1
[2024-03-15T00:54:01.055+0000][0.106s] Version: 17.0.10+7 (release)
[2024-03-15T00:54:01.055+0000][0.107s] CPUs: 8 total, 8 available
[2024-03-15T00:54:01.055+0000][0.107s] Memory: 7893M
[2024-03-15T00:54:01.056+0000][0.107s] Large Page Support: Disabled
[2024-03-15T00:54:01.056+0000][0.108s] NUMA Support: Disabled
[2024-03-15T00:54:01.056+0000][0.108s] Compressed Oops: Enabled (32-bit)
[2024-03-15T00:54:01.056+0000][0.108s] Heap Region Size: 1M
[2024-03-15T00:54:01.057+0000][0.108s] Heap Min Capacity: 512M
[2024-03-15T00:54:01.057+0000][0.109s] Heap Initial Capacity: 512M
[2024-03-15T00:54:01.057+0000][0.109s] Heap Max Capacity: 512M
[2024-03-15T00:54:01.058+0000][0.110s] Pre-touch: Enabled
[2024-03-15T00:54:01.058+0000][0.110s] Parallel Workers: 8
[2024-03-15T00:54:01.058+0000][0.110s] Concurrent Workers: 2
[2024-03-15T00:54:01.058+0000][0.110s] Concurrent Refinement Workers: 8
[2024-03-15T00:54:01.059+0000][0.111s] Periodic GC: Disabled
[2024-03-15T00:54:01.067+0000][0.119s] CDS archive(s) mapped at: [0x00007f4273000000-0x00007f4273a5f000-0x00007f4273a5f000), size 10874880, SharedBaseAddress: 0x00007f4273000000, ArchiveRelocationMode: 1.
[2024-03-15T00:54:01.067+0000][0.119s] Compressed class space mapped at: 0x00007f4274000000-0x00007f42b4000000, reserved size: 1073741824
[2024-03-15T00:54:01.068+0000][0.120s] Narrow klass base: 0x00007f4273000000, Narrow klass shift: 0, Narrow klass range: 0x100000000
[2024-03-15T00:54:02.181+0000][1.233s] GC(0) Pause Young (Normal) (G1 Evacuation Pause)
[2024-03-15T00:54:02.181+0000][1.233s] GC(0) Using 8 workers of 8 for evacuation
[2024-03-15T00:54:02.187+0000][1.238s] GC(0)   Pre Evacuate Collection Set: 0.2ms
[2024-03-15T00:54:02.187+0000][1.239s] GC(0)   Merge Heap Roots: 0.2ms
[2024-03-15T00:54:02.187+0000][1.239s] GC(0)   Evacuate Collection Set: 3.5ms
[2024-03-15T00:54:02.187+0000][1.239s] GC(0)   Post Evacuate Collection Set: 1.0ms
[2024-03-15T00:54:02.187+0000][1.239s] GC(0)   Other: 0.6ms
[2024-03-15T00:54:02.188+0000][1.239s] GC(0) Eden regions: 29->0(58)
[2024-03-15T00:54:02.188+0000][1.240s] GC(0) Survivor regions: 0->4(4)
[2024-03-15T00:54:02.188+0000][1.240s] GC(0) Old regions: 0->1
[2024-03-15T00:54:02.188+0000][1.240s] GC(0) Archive regions: 2->2
[2024-03-15T00:54:02.188+0000][1.240s] GC(0) Humongous regions: 0->0
[2024-03-15T00:54:02.189+0000][1.240s] GC(0) Metaspace: 9918K(10176K)->9918K(10176K) NonClass: 8693K(8832K)->8693K(8832K) Class: 1224K(1344K)->1224K(1344K)
[2024-03-15T00:54:02.189+0000][1.241s] GC(0) Pause Young (Normal) (G1 Evacuation Pause) 29M->5M(512M) 7.645ms
[2024-03-15T00:54:02.189+0000][1.241s] GC(0) User=0.03s Sys=0.00s Real=0.01s
[2024-03-15T00:54:03.096+0000][2.148s] GC(1) Pause Young (Normal) (G1 Evacuation Pause)
[2024-03-15T00:54:03.098+0000][2.150s] GC(1) Using 8 workers of 8 for evacuation
[2024-03-15T00:54:03.113+0000][2.164s] GC(1)   Pre Evacuate Collection Set: 0.2ms
[2024-03-15T00:54:03.113+0000][2.165s] GC(1)   Merge Heap Roots: 0.2ms
[2024-03-15T00:54:03.113+0000][2.165s] GC(1)   Evacuate Collection Set: 13.0ms
[2024-03-15T00:54:03.113+0000][2.165s] GC(1)   Post Evacuate Collection Set: 0.9ms
[2024-03-15T00:54:03.113+0000][2.165s] GC(1)   Other: 1.9ms
[2024-03-15T00:54:03.114+0000][2.165s] GC(1) Eden regions: 55->0(72)
[2024-03-15T00:54:03.114+0000][2.166s] GC(1) Survivor regions: 4->8(8)
[2024-03-15T00:54:03.114+0000][2.166s] GC(1) Old regions: 1->9
[2024-03-15T00:54:03.114+0000][2.166s] GC(1) Archive regions: 2->2
[2024-03-15T00:54:03.114+0000][2.166s] GC(1) Humongous regions: 4->4
[2024-03-15T00:54:03.114+0000][2.166s] GC(1) Metaspace: 17930K(18176K)->17930K(18176K) NonClass: 15715K(15872K)->15715K(15872K) Class: 2215K(2304K)->2215K(2304K)
[2024-03-15T00:54:03.115+0000][2.166s] GC(1) Pause Young (Normal) (G1 Evacuation Pause) 64M->21M(512M) 18.254ms
[2024-03-15T00:54:03.115+0000][2.167s] GC(1) User=0.07s Sys=0.01s Real=0.02s
[2024-03-15T00:54:03.588+0000][2.640s] GC(2) Pause Young (Concurrent Start) (Metadata GC Threshold)
[2024-03-15T00:54:03.588+0000][2.640s] GC(2) Using 8 workers of 8 for evacuation
[2024-03-15T00:54:03.595+0000][2.646s] GC(2)   Pre Evacuate Collection Set: 0.2ms
[2024-03-15T00:54:03.595+0000][2.647s] GC(2)   Merge Heap Roots: 0.1ms
[2024-03-15T00:54:03.595+0000][2.647s] GC(2)   Evacuate Collection Set: 4.6ms
[2024-03-15T00:54:03.595+0000][2.647s] GC(2)   Post Evacuate Collection Set: 0.9ms
[2024-03-15T00:54:03.595+0000][2.647s] GC(2)   Other: 0.7ms
[2024-03-15T00:54:03.596+0000][2.647s] GC(2) Eden regions: 31->0(88)
[2024-03-15T00:54:03.596+0000][2.648s] GC(2) Survivor regions: 8->3(10)
[2024-03-15T00:54:03.596+0000][2.648s] GC(2) Old regions: 9->17
[2024-03-15T00:54:03.596+0000][2.648s] GC(2) Archive regions: 2->2
[2024-03-15T00:54:03.596+0000][2.648s] GC(2) Humongous regions: 4->4
[2024-03-15T00:54:03.596+0000][2.648s] GC(2) Metaspace: 21182K(21504K)->21182K(21504K) NonClass: 18564K(18688K)->18564K(18688K) Class: 2618K(2816K)->2618K(2816K)
[2024-03-15T00:54:03.597+0000][2.648s] GC(2) Pause Young (Concurrent Start) (Metadata GC Threshold) 52M->23M(512M) 8.407ms
[2024-03-15T00:54:03.597+0000][2.649s] GC(2) User=0.04s Sys=0.00s Real=0.01s
[2024-03-15T00:54:03.597+0000][2.649s] GC(3) Concurrent Mark Cycle
[2024-03-15T00:54:03.597+0000][2.649s] GC(3) Concurrent Clear Claimed Marks
[2024-03-15T00:54:03.597+0000][2.649s] GC(3) Concurrent Clear Claimed Marks 0.163ms
[2024-03-15T00:54:03.597+0000][2.649s] GC(3) Concurrent Scan Root Regions
[2024-03-15T00:54:03.600+0000][2.652s] GC(3) Concurrent Scan Root Regions 2.402ms
[2024-03-15T00:54:03.600+0000][2.652s] GC(3) Concurrent Mark
[2024-03-15T00:54:03.600+0000][2.652s] GC(3) Concurrent Mark From Roots
[2024-03-15T00:54:03.600+0000][2.652s] GC(3) Using 2 workers of 2 for marking
[2024-03-15T00:54:03.614+0000][2.665s] GC(3) Concurrent Mark From Roots 13.362ms
[2024-03-15T00:54:03.614+0000][2.666s] GC(3) Concurrent Preclean
[2024-03-15T00:54:03.614+0000][2.666s] GC(3) Concurrent Preclean 0.448ms
[2024-03-15T00:54:03.615+0000][2.667s] GC(3) Pause Remark
[2024-03-15T00:54:03.618+0000][2.669s] GC(3) Pause Remark 25M->25M(512M) 2.787ms
[2024-03-15T00:54:03.618+0000][2.670s] GC(3) User=0.01s Sys=0.00s Real=0.00s
[2024-03-15T00:54:03.618+0000][2.670s] GC(3) Concurrent Mark 18.157ms
[2024-03-15T00:54:03.618+0000][2.670s] GC(3) Concurrent Rebuild Remembered Sets
[2024-03-15T00:54:03.619+0000][2.670s] GC(3) Concurrent Rebuild Remembered Sets 0.143ms
[2024-03-15T00:54:03.619+0000][2.671s] GC(3) Pause Cleanup
[2024-03-15T00:54:03.619+0000][2.671s] GC(3) Pause Cleanup 25M->25M(512M) 0.177ms
[2024-03-15T00:54:03.619+0000][2.671s] GC(3) User=0.00s Sys=0.00s Real=0.00s
[2024-03-15T00:54:03.619+0000][2.671s] GC(3) Concurrent Cleanup for Next Mark
[2024-03-15T00:54:03.620+0000][2.672s] GC(3) Concurrent Cleanup for Next Mark 0.891ms
[2024-03-15T00:54:03.621+0000][2.673s] GC(3) Concurrent Mark Cycle 23.838ms
[2024-03-15T00:54:05.280+0000][4.332s] GC(4) Pause Young (Normal) (G1 Evacuation Pause)
[2024-03-15T00:54:05.281+0000][4.332s] GC(4) Using 8 workers of 8 for evacuation
[2024-03-15T00:54:05.287+0000][4.339s] GC(4)   Pre Evacuate Collection Set: 0.2ms
[2024-03-15T00:54:05.287+0000][4.339s] GC(4)   Merge Heap Roots: 0.2ms
[2024-03-15T00:54:05.288+0000][4.339s] GC(4)   Evacuate Collection Set: 4.1ms
[2024-03-15T00:54:05.288+0000][4.340s] GC(4)   Post Evacuate Collection Set: 1.4ms
[2024-03-15T00:54:05.288+0000][4.340s] GC(4)   Other: 0.8ms
[2024-03-15T00:54:05.288+0000][4.340s] GC(4) Eden regions: 88->0(299)
[2024-03-15T00:54:05.288+0000][4.340s] GC(4) Survivor regions: 3->8(12)
[2024-03-15T00:54:05.289+0000][4.340s] GC(4) Old regions: 17->17
[2024-03-15T00:54:05.289+0000][4.341s] GC(4) Archive regions: 2->2
[2024-03-15T00:54:05.289+0000][4.341s] GC(4) Humongous regions: 4->4
[2024-03-15T00:54:05.289+0000][4.341s] GC(4) Metaspace: 34393K(34752K)->34393K(34752K) NonClass: 30085K(30272K)->30085K(30272K) Class: 4308K(4480K)->4308K(4480K)
[2024-03-15T00:54:05.289+0000][4.341s] GC(4) Pause Young (Normal) (G1 Evacuation Pause) 111M->29M(512M) 8.897ms
[2024-03-15T00:54:05.289+0000][4.341s] GC(4) User=0.05s Sys=0.00s Real=0.01s
[2024-03-15T00:54:05.469+0000][4.521s] GC(5) Pause Young (Concurrent Start) (Metadata GC Threshold)
[2024-03-15T00:54:05.470+0000][4.521s] GC(5) Using 8 workers of 8 for evacuation
[2024-03-15T00:54:05.475+0000][4.527s] GC(5)   Pre Evacuate Collection Set: 0.2ms
[2024-03-15T00:54:05.475+0000][4.527s] GC(5)   Merge Heap Roots: 0.1ms
[2024-03-15T00:54:05.475+0000][4.527s] GC(5)   Evacuate Collection Set: 3.9ms
[2024-03-15T00:54:05.476+0000][4.527s] GC(5)   Post Evacuate Collection Set: 0.8ms
[2024-03-15T00:54:05.476+0000][4.527s] GC(5)   Other: 0.6ms
[2024-03-15T00:54:05.476+0000][4.528s] GC(5) Eden regions: 14->0(299)
[2024-03-15T00:54:05.476+0000][4.528s] GC(5) Survivor regions: 8->8(39)
[2024-03-15T00:54:05.476+0000][4.528s] GC(5) Old regions: 17->17
[2024-03-15T00:54:05.476+0000][4.528s] GC(5) Archive regions: 2->2
[2024-03-15T00:54:05.476+0000][4.528s] GC(5) Humongous regions: 4->4
[2024-03-15T00:54:05.477+0000][4.528s] GC(5) Metaspace: 35793K(36160K)->35793K(36160K) NonClass: 31307K(31488K)->31307K(31488K) Class: 4485K(4672K)->4485K(4672K)
[2024-03-15T00:54:05.477+0000][4.529s] GC(5) Pause Young (Concurrent Start) (Metadata GC Threshold) 43M->29M(512M) 7.489ms
[2024-03-15T00:54:05.477+0000][4.529s] GC(5) User=0.04s Sys=0.00s Real=0.01s
[2024-03-15T00:54:05.477+0000][4.529s] GC(6) Concurrent Mark Cycle
[2024-03-15T00:54:05.477+0000][4.529s] GC(6) Concurrent Clear Claimed Marks
[2024-03-15T00:54:05.478+0000][4.529s] GC(6) Concurrent Clear Claimed Marks 0.248ms
[2024-03-15T00:54:05.478+0000][4.530s] GC(6) Concurrent Scan Root Regions
[2024-03-15T00:54:05.482+0000][4.533s] GC(6) Concurrent Scan Root Regions 3.820ms
[2024-03-15T00:54:05.482+0000][4.534s] GC(6) Concurrent Mark
[2024-03-15T00:54:05.482+0000][4.534s] GC(6) Concurrent Mark From Roots
[2024-03-15T00:54:05.482+0000][4.534s] GC(6) Using 2 workers of 2 for marking
[2024-03-15T00:54:05.501+0000][4.553s] GC(6) Concurrent Mark From Roots 18.716ms
[2024-03-15T00:54:05.501+0000][4.553s] GC(6) Concurrent Preclean
[2024-03-15T00:54:05.501+0000][4.553s] GC(6) Concurrent Preclean 0.337ms
[2024-03-15T00:54:05.502+0000][4.554s] GC(6) Pause Remark
[2024-03-15T00:54:05.505+0000][4.557s] GC(6) Pause Remark 32M->32M(512M) 2.701ms
[2024-03-15T00:54:05.505+0000][4.557s] GC(6) User=0.01s Sys=0.00s Real=0.00s
[2024-03-15T00:54:05.505+0000][4.557s] GC(6) Concurrent Mark 23.380ms
[2024-03-15T00:54:05.505+0000][4.557s] GC(6) Concurrent Rebuild Remembered Sets
[2024-03-15T00:54:05.514+0000][4.566s] GC(6) Concurrent Rebuild Remembered Sets 8.351ms
[2024-03-15T00:54:05.514+0000][4.566s] GC(6) Pause Cleanup
[2024-03-15T00:54:05.515+0000][4.567s] GC(6) Pause Cleanup 33M->33M(512M) 0.394ms
[2024-03-15T00:54:05.515+0000][4.567s] GC(6) User=0.00s Sys=0.00s Real=0.00s
[2024-03-15T00:54:05.515+0000][4.567s] GC(6) Concurrent Cleanup for Next Mark
[2024-03-15T00:54:05.516+0000][4.568s] GC(6) Concurrent Cleanup for Next Mark 0.671ms
[2024-03-15T00:54:05.516+0000][4.568s] GC(6) Concurrent Mark Cycle 39.159ms
[2024-03-15T00:55:04.355+0000][63.407s] Heap
[2024-03-15T00:55:04.355+0000][63.407s]  garbage-first heap   total 524288K, used 190682K [0x00000000e0000000, 0x0000000100000000)
[2024-03-15T00:55:04.355+0000][63.407s]   region size 1024K, 165 young (168960K), 8 survivors (8192K)
[2024-03-15T00:55:04.356+0000][63.407s]  Metaspace       used 51348K, committed 51840K, reserved 1114112K
[2024-03-15T00:55:04.356+0000][63.408s]   class space    used 6621K, committed 6848K, reserved 1048576K
