[2024-03-15T16:11:09.726+0000][0.043s] Using G1
[2024-03-15T16:11:09.814+0000][0.131s] Version: 17.0.10+7 (release)
[2024-03-15T16:11:09.814+0000][0.131s] CPUs: 8 total, 8 available
[2024-03-15T16:11:09.815+0000][0.132s] Memory: 7893M
[2024-03-15T16:11:09.815+0000][0.132s] Large Page Support: Disabled
[2024-03-15T16:11:09.815+0000][0.132s] NUMA Support: Disabled
[2024-03-15T16:11:09.816+0000][0.133s] Compressed Oops: Enabled (32-bit)
[2024-03-15T16:11:09.816+0000][0.133s] Heap Region Size: 1M
[2024-03-15T16:11:09.816+0000][0.133s] Heap Min Capacity: 512M
[2024-03-15T16:11:09.816+0000][0.133s] Heap Initial Capacity: 512M
[2024-03-15T16:11:09.817+0000][0.134s] Heap Max Capacity: 512M
[2024-03-15T16:11:09.817+0000][0.134s] Pre-touch: Enabled
[2024-03-15T16:11:09.817+0000][0.134s] Parallel Workers: 8
[2024-03-15T16:11:09.817+0000][0.135s] Concurrent Workers: 2
[2024-03-15T16:11:09.818+0000][0.135s] Concurrent Refinement Workers: 8
[2024-03-15T16:11:09.818+0000][0.135s] Periodic GC: Disabled
[2024-03-15T16:11:09.826+0000][0.143s] CDS archive(s) mapped at: [0x00007f932b000000-0x00007f932ba5f000-0x00007f932ba5f000), size 10874880, SharedBaseAddress: 0x00007f932b000000, ArchiveRelocationMode: 1.
[2024-03-15T16:11:09.827+0000][0.144s] Compressed class space mapped at: 0x00007f932c000000-0x00007f936c000000, reserved size: 1073741824
[2024-03-15T16:11:09.827+0000][0.144s] Narrow klass base: 0x00007f932b000000, Narrow klass shift: 0, Narrow klass range: 0x100000000
[2024-03-15T16:11:11.097+0000][1.414s] GC(0) Pause Young (Normal) (G1 Evacuation Pause)
[2024-03-15T16:11:11.097+0000][1.414s] GC(0) Using 8 workers of 8 for evacuation
[2024-03-15T16:11:11.101+0000][1.418s] GC(0)   Pre Evacuate Collection Set: 0.2ms
[2024-03-15T16:11:11.101+0000][1.418s] GC(0)   Merge Heap Roots: 0.2ms
[2024-03-15T16:11:11.101+0000][1.418s] GC(0)   Evacuate Collection Set: 2.7ms
[2024-03-15T16:11:11.101+0000][1.418s] GC(0)   Post Evacuate Collection Set: 0.7ms
[2024-03-15T16:11:11.101+0000][1.418s] GC(0)   Other: 0.5ms
[2024-03-15T16:11:11.102+0000][1.419s] GC(0) Eden regions: 29->0(57)
[2024-03-15T16:11:11.102+0000][1.419s] GC(0) Survivor regions: 0->4(4)
[2024-03-15T16:11:11.102+0000][1.419s] GC(0) Old regions: 0->1
[2024-03-15T16:11:11.102+0000][1.419s] GC(0) Archive regions: 2->2
[2024-03-15T16:11:11.102+0000][1.419s] GC(0) Humongous regions: 0->0
[2024-03-15T16:11:11.102+0000][1.419s] GC(0) Metaspace: 9960K(10240K)->9960K(10240K) NonClass: 8720K(8832K)->8720K(8832K) Class: 1240K(1408K)->1240K(1408K)
[2024-03-15T16:11:11.102+0000][1.419s] GC(0) Pause Young (Normal) (G1 Evacuation Pause) 29M->5M(512M) 5.938ms
[2024-03-15T16:11:11.103+0000][1.420s] GC(0) User=0.02s Sys=0.00s Real=0.01s
[2024-03-15T16:11:12.190+0000][2.507s] GC(1) Pause Young (Normal) (G1 Evacuation Pause)
[2024-03-15T16:11:12.190+0000][2.508s] GC(1) Using 8 workers of 8 for evacuation
[2024-03-15T16:11:12.201+0000][2.518s] GC(1)   Pre Evacuate Collection Set: 0.2ms
[2024-03-15T16:11:12.202+0000][2.519s] GC(1)   Merge Heap Roots: 0.3ms
[2024-03-15T16:11:12.202+0000][2.519s] GC(1)   Evacuate Collection Set: 8.9ms
[2024-03-15T16:11:12.202+0000][2.519s] GC(1)   Post Evacuate Collection Set: 1.2ms
[2024-03-15T16:11:12.202+0000][2.519s] GC(1)   Other: 0.6ms
[2024-03-15T16:11:12.202+0000][2.519s] GC(1) Eden regions: 55->0(66)
[2024-03-15T16:11:12.203+0000][2.520s] GC(1) Survivor regions: 4->8(8)
[2024-03-15T16:11:12.203+0000][2.520s] GC(1) Old regions: 1->9
[2024-03-15T16:11:12.203+0000][2.520s] GC(1) Archive regions: 2->2
[2024-03-15T16:11:12.203+0000][2.520s] GC(1) Humongous regions: 4->4
[2024-03-15T16:11:12.203+0000][2.520s] GC(1) Metaspace: 17935K(18176K)->17935K(18176K) NonClass: 15720K(15872K)->15720K(15872K) Class: 2215K(2304K)->2215K(2304K)
[2024-03-15T16:11:12.204+0000][2.521s] GC(1) Pause Young (Normal) (G1 Evacuation Pause) 64M->21M(512M) 13.354ms
[2024-03-15T16:11:12.204+0000][2.521s] GC(1) User=0.07s Sys=0.00s Real=0.01s
[2024-03-15T16:11:12.724+0000][3.041s] GC(2) Pause Young (Concurrent Start) (Metadata GC Threshold)
[2024-03-15T16:11:12.724+0000][3.041s] GC(2) Using 8 workers of 8 for evacuation
[2024-03-15T16:11:12.730+0000][3.047s] GC(2)   Pre Evacuate Collection Set: 0.2ms
[2024-03-15T16:11:12.730+0000][3.047s] GC(2)   Merge Heap Roots: 0.1ms
[2024-03-15T16:11:12.731+0000][3.048s] GC(2)   Evacuate Collection Set: 4.3ms
[2024-03-15T16:11:12.731+0000][3.048s] GC(2)   Post Evacuate Collection Set: 0.8ms
[2024-03-15T16:11:12.731+0000][3.048s] GC(2)   Other: 0.7ms
[2024-03-15T16:11:12.731+0000][3.048s] GC(2) Eden regions: 31->0(80)
[2024-03-15T16:11:12.732+0000][3.049s] GC(2) Survivor regions: 8->3(9)
[2024-03-15T16:11:12.732+0000][3.049s] GC(2) Old regions: 9->17
[2024-03-15T16:11:12.733+0000][3.050s] GC(2) Archive regions: 2->2
[2024-03-15T16:11:12.733+0000][3.050s] GC(2) Humongous regions: 4->4
[2024-03-15T16:11:12.733+0000][3.050s] GC(2) Metaspace: 21176K(21504K)->21176K(21504K) NonClass: 18559K(18688K)->18559K(18688K) Class: 2616K(2816K)->2616K(2816K)
[2024-03-15T16:11:12.733+0000][3.050s] GC(2) Pause Young (Concurrent Start) (Metadata GC Threshold) 52M->24M(512M) 9.383ms
[2024-03-15T16:11:12.733+0000][3.051s] GC(2) User=0.02s Sys=0.01s Real=0.01s
[2024-03-15T16:11:12.734+0000][3.051s] GC(3) Concurrent Mark Cycle
[2024-03-15T16:11:12.734+0000][3.051s] GC(3) Concurrent Clear Claimed Marks
[2024-03-15T16:11:12.734+0000][3.051s] GC(3) Concurrent Clear Claimed Marks 0.189ms
[2024-03-15T16:11:12.734+0000][3.051s] GC(3) Concurrent Scan Root Regions
[2024-03-15T16:11:12.737+0000][3.054s] GC(3) Concurrent Scan Root Regions 2.757ms
[2024-03-15T16:11:12.737+0000][3.054s] GC(3) Concurrent Mark
[2024-03-15T16:11:12.737+0000][3.055s] GC(3) Concurrent Mark From Roots
[2024-03-15T16:11:12.738+0000][3.055s] GC(3) Using 2 workers of 2 for marking
[2024-03-15T16:11:12.748+0000][3.065s] GC(3) Concurrent Mark From Roots 10.748ms
[2024-03-15T16:11:12.749+0000][3.066s] GC(3) Concurrent Preclean
[2024-03-15T16:11:12.749+0000][3.066s] GC(3) Concurrent Preclean 0.331ms
[2024-03-15T16:11:12.749+0000][3.066s] GC(3) Pause Remark
[2024-03-15T16:11:12.752+0000][3.069s] GC(3) Pause Remark 25M->25M(512M) 2.927ms
[2024-03-15T16:11:12.753+0000][3.070s] GC(3) User=0.00s Sys=0.00s Real=0.00s
[2024-03-15T16:11:12.753+0000][3.070s] GC(3) Concurrent Mark 15.719ms
[2024-03-15T16:11:12.753+0000][3.070s] GC(3) Concurrent Rebuild Remembered Sets
[2024-03-15T16:11:12.763+0000][3.080s] GC(3) Concurrent Rebuild Remembered Sets 9.432ms
[2024-03-15T16:11:12.763+0000][3.080s] GC(3) Pause Cleanup
[2024-03-15T16:11:12.764+0000][3.081s] GC(3) Pause Cleanup 26M->26M(512M) 0.459ms
[2024-03-15T16:11:12.764+0000][3.081s] GC(3) User=0.00s Sys=0.00s Real=0.00s
[2024-03-15T16:11:12.764+0000][3.081s] GC(3) Concurrent Cleanup for Next Mark
[2024-03-15T16:11:12.765+0000][3.082s] GC(3) Concurrent Cleanup for Next Mark 0.643ms
[2024-03-15T16:11:12.765+0000][3.082s] GC(3) Concurrent Mark Cycle 31.501ms
[2024-03-15T16:11:14.403+0000][4.720s] GC(4) Pause Young (Normal) (G1 Evacuation Pause)
[2024-03-15T16:11:14.404+0000][4.721s] GC(4) Using 8 workers of 8 for evacuation
[2024-03-15T16:11:14.410+0000][4.727s] GC(4)   Pre Evacuate Collection Set: 0.2ms
[2024-03-15T16:11:14.410+0000][4.727s] GC(4)   Merge Heap Roots: 0.2ms
[2024-03-15T16:11:14.410+0000][4.727s] GC(4)   Evacuate Collection Set: 4.1ms
[2024-03-15T16:11:14.410+0000][4.727s] GC(4)   Post Evacuate Collection Set: 1.5ms
[2024-03-15T16:11:14.411+0000][4.728s] GC(4)   Other: 0.5ms
[2024-03-15T16:11:14.411+0000][4.728s] GC(4) Eden regions: 80->0(299)
[2024-03-15T16:11:14.411+0000][4.728s] GC(4) Survivor regions: 3->8(11)
[2024-03-15T16:11:14.411+0000][4.728s] GC(4) Old regions: 17->17
[2024-03-15T16:11:14.411+0000][4.728s] GC(4) Archive regions: 2->2
[2024-03-15T16:11:14.411+0000][4.729s] GC(4) Humongous regions: 4->4
[2024-03-15T16:11:14.412+0000][4.729s] GC(4) Metaspace: 34656K(35008K)->34656K(35008K) NonClass: 30302K(30464K)->30302K(30464K) Class: 4354K(4544K)->4354K(4544K)
[2024-03-15T16:11:14.412+0000][4.729s] GC(4) Pause Young (Normal) (G1 Evacuation Pause) 104M->29M(512M) 8.574ms
[2024-03-15T16:11:14.412+0000][4.729s] GC(4) User=0.04s Sys=0.01s Real=0.01s
[2024-03-15T16:11:14.513+0000][4.830s] GC(5) Pause Young (Concurrent Start) (Metadata GC Threshold)
[2024-03-15T16:11:14.513+0000][4.830s] GC(5) Using 8 workers of 8 for evacuation
[2024-03-15T16:11:14.519+0000][4.836s] GC(5)   Pre Evacuate Collection Set: 0.2ms
[2024-03-15T16:11:14.519+0000][4.836s] GC(5)   Merge Heap Roots: 0.2ms
[2024-03-15T16:11:14.519+0000][4.836s] GC(5)   Evacuate Collection Set: 4.1ms
[2024-03-15T16:11:14.519+0000][4.836s] GC(5)   Post Evacuate Collection Set: 0.9ms
[2024-03-15T16:11:14.519+0000][4.836s] GC(5)   Other: 0.7ms
[2024-03-15T16:11:14.519+0000][4.837s] GC(5) Eden regions: 8->0(299)
[2024-03-15T16:11:14.520+0000][4.837s] GC(5) Survivor regions: 8->8(39)
[2024-03-15T16:11:14.520+0000][4.837s] GC(5) Old regions: 17->17
[2024-03-15T16:11:14.520+0000][4.837s] GC(5) Archive regions: 2->2
[2024-03-15T16:11:14.520+0000][4.837s] GC(5) Humongous regions: 4->4
[2024-03-15T16:11:14.520+0000][4.837s] GC(5) Metaspace: 35791K(36160K)->35791K(36160K) NonClass: 31291K(31424K)->31291K(31424K) Class: 4500K(4736K)->4500K(4736K)
[2024-03-15T16:11:14.520+0000][4.838s] GC(5) Pause Young (Concurrent Start) (Metadata GC Threshold) 36M->29M(512M) 7.838ms
[2024-03-15T16:11:14.521+0000][4.838s] GC(5) User=0.03s Sys=0.01s Real=0.01s
[2024-03-15T16:11:14.521+0000][4.838s] GC(6) Concurrent Mark Cycle
[2024-03-15T16:11:14.521+0000][4.838s] GC(6) Concurrent Clear Claimed Marks
[2024-03-15T16:11:14.521+0000][4.838s] GC(6) Concurrent Clear Claimed Marks 0.241ms
[2024-03-15T16:11:14.521+0000][4.838s] GC(6) Concurrent Scan Root Regions
[2024-03-15T16:11:14.526+0000][4.843s] GC(6) Concurrent Scan Root Regions 4.218ms
[2024-03-15T16:11:14.526+0000][4.843s] GC(6) Concurrent Mark
[2024-03-15T16:11:14.526+0000][4.843s] GC(6) Concurrent Mark From Roots
[2024-03-15T16:11:14.527+0000][4.844s] GC(6) Using 2 workers of 2 for marking
[2024-03-15T16:11:14.544+0000][4.861s] GC(6) Concurrent Mark From Roots 17.994ms
[2024-03-15T16:11:14.545+0000][4.862s] GC(6) Concurrent Preclean
[2024-03-15T16:11:14.545+0000][4.862s] GC(6) Concurrent Preclean 0.435ms
[2024-03-15T16:11:14.546+0000][4.863s] GC(6) Pause Remark
[2024-03-15T16:11:14.548+0000][4.865s] GC(6) Pause Remark 32M->32M(512M) 2.797ms
[2024-03-15T16:11:14.549+0000][4.866s] GC(6) User=0.01s Sys=0.01s Real=0.01s
[2024-03-15T16:11:14.549+0000][4.866s] GC(6) Concurrent Mark 22.903ms
[2024-03-15T16:11:14.549+0000][4.866s] GC(6) Concurrent Rebuild Remembered Sets
[2024-03-15T16:11:14.558+0000][4.875s] GC(6) Concurrent Rebuild Remembered Sets 8.836ms
[2024-03-15T16:11:14.558+0000][4.876s] GC(6) Pause Cleanup
[2024-03-15T16:11:14.559+0000][4.876s] GC(6) Pause Cleanup 32M->32M(512M) 0.397ms
[2024-03-15T16:11:14.559+0000][4.876s] GC(6) User=0.00s Sys=0.00s Real=0.00s
[2024-03-15T16:11:14.559+0000][4.876s] GC(6) Concurrent Cleanup for Next Mark
[2024-03-15T16:11:14.560+0000][4.878s] GC(6) Concurrent Cleanup for Next Mark 1.033ms
[2024-03-15T16:11:14.561+0000][4.878s] GC(6) Concurrent Mark Cycle 40.201ms
[2024-03-15T16:11:50.520+0000][40.837s] GC(7) Pause Young (Concurrent Start) (G1 Evacuation Pause)
[2024-03-15T16:11:50.520+0000][40.837s] GC(7) Using 8 workers of 8 for evacuation
[2024-03-15T16:11:50.534+0000][40.851s] GC(7)   Pre Evacuate Collection Set: 0.3ms
[2024-03-15T16:11:50.535+0000][40.852s] GC(7)   Merge Heap Roots: 0.2ms
[2024-03-15T16:11:50.535+0000][40.852s] GC(7)   Evacuate Collection Set: 11.8ms
[2024-03-15T16:11:50.535+0000][40.852s] GC(7)   Post Evacuate Collection Set: 1.7ms
[2024-03-15T16:11:50.535+0000][40.852s] GC(7)   Other: 0.9ms
[2024-03-15T16:11:50.535+0000][40.853s] GC(7) Eden regions: 299->0(283)
[2024-03-15T16:11:50.536+0000][40.853s] GC(7) Survivor regions: 8->24(39)
[2024-03-15T16:11:50.536+0000][40.853s] GC(7) Old regions: 17->17
[2024-03-15T16:11:50.536+0000][40.853s] GC(7) Archive regions: 2->2
[2024-03-15T16:11:50.536+0000][40.853s] GC(7) Humongous regions: 4->4
[2024-03-15T16:11:50.537+0000][40.854s] GC(7) Metaspace: 54397K(54912K)->54397K(54912K) NonClass: 47414K(47680K)->47414K(47680K) Class: 6983K(7232K)->6983K(7232K)
[2024-03-15T16:11:50.537+0000][40.854s] GC(7) Pause Young (Concurrent Start) (G1 Evacuation Pause) 328M->44M(512M) 17.125ms
[2024-03-15T16:11:50.537+0000][40.854s] GC(7) User=0.09s Sys=0.00s Real=0.01s
[2024-03-15T16:11:50.537+0000][40.854s] GC(8) Concurrent Mark Cycle
[2024-03-15T16:11:50.538+0000][40.855s] GC(8) Concurrent Clear Claimed Marks
[2024-03-15T16:11:50.538+0000][40.855s] GC(8) Concurrent Clear Claimed Marks 0.244ms
[2024-03-15T16:11:50.538+0000][40.855s] GC(8) Concurrent Scan Root Regions
[2024-03-15T16:11:50.547+0000][40.864s] GC(8) Concurrent Scan Root Regions 9.147ms
[2024-03-15T16:11:50.548+0000][40.865s] GC(8) Concurrent Mark
[2024-03-15T16:11:50.548+0000][40.865s] GC(8) Concurrent Mark From Roots
[2024-03-15T16:11:50.548+0000][40.865s] GC(8) Using 2 workers of 2 for marking
[2024-03-15T16:11:50.569+0000][40.886s] GC(8) Concurrent Mark From Roots 20.864ms
[2024-03-15T16:11:50.569+0000][40.886s] GC(8) Concurrent Preclean
[2024-03-15T16:11:50.569+0000][40.886s] GC(8) Concurrent Preclean 0.398ms
[2024-03-15T16:11:50.570+0000][40.887s] GC(8) Pause Remark
[2024-03-15T16:11:50.573+0000][40.890s] GC(8) Pause Remark 47M->47M(512M) 3.185ms
[2024-03-15T16:11:50.573+0000][40.890s] GC(8) User=0.02s Sys=0.00s Real=0.00s
[2024-03-15T16:11:50.574+0000][40.891s] GC(8) Concurrent Mark 26.066ms
[2024-03-15T16:11:50.574+0000][40.891s] GC(8) Concurrent Rebuild Remembered Sets
[2024-03-15T16:11:50.583+0000][40.901s] GC(8) Concurrent Rebuild Remembered Sets 9.517ms
[2024-03-15T16:11:50.584+0000][40.901s] GC(8) Pause Cleanup
[2024-03-15T16:11:50.585+0000][40.902s] GC(8) Pause Cleanup 48M->48M(512M) 0.539ms
[2024-03-15T16:11:50.585+0000][40.902s] GC(8) User=0.00s Sys=0.00s Real=0.00s
[2024-03-15T16:11:50.585+0000][40.902s] GC(8) Concurrent Cleanup for Next Mark
[2024-03-15T16:11:50.586+0000][40.903s] GC(8) Concurrent Cleanup for Next Mark 0.725ms
[2024-03-15T16:11:50.586+0000][40.903s] GC(8) Concurrent Mark Cycle 49.197ms
[2024-03-15T19:54:28.348+0000][3393.512s] Heap
[2024-03-15T19:54:28.348+0000][3393.512s]  garbage-first heap   total 524288K, used 81728K [0x00000000e0000000, 0x0000000100000000)
[2024-03-15T19:54:28.349+0000][3393.512s]   region size 1024K, 59 young (60416K), 24 survivors (24576K)
[2024-03-15T19:54:28.349+0000][3393.512s]  Metaspace       used 56157K, committed 56704K, reserved 1114112K
[2024-03-15T19:54:28.349+0000][3393.513s]   class space    used 7242K, committed 7488K, reserved 1048576K
