[2024-03-15T00:41:22.850+0000][0.031s] Using G1
[2024-03-15T00:41:23.042+0000][0.223s] Version: 17.0.10+7 (release)
[2024-03-15T00:41:23.043+0000][0.223s] CPUs: 8 total, 8 available
[2024-03-15T00:41:23.043+0000][0.223s] Memory: 7893M
[2024-03-15T00:41:23.043+0000][0.224s] Large Page Support: Disabled
[2024-03-15T00:41:23.044+0000][0.224s] NUMA Support: Disabled
[2024-03-15T00:41:23.044+0000][0.224s] Compressed Oops: Enabled (32-bit)
[2024-03-15T00:41:23.044+0000][0.224s] Heap Region Size: 1M
[2024-03-15T00:41:23.044+0000][0.224s] Heap Min Capacity: 512M
[2024-03-15T00:41:23.044+0000][0.225s] Heap Initial Capacity: 512M
[2024-03-15T00:41:23.045+0000][0.225s] Heap Max Capacity: 512M
[2024-03-15T00:41:23.045+0000][0.225s] Pre-touch: Enabled
[2024-03-15T00:41:23.045+0000][0.225s] Parallel Workers: 8
[2024-03-15T00:41:23.045+0000][0.226s] Concurrent Workers: 2
[2024-03-15T00:41:23.045+0000][0.226s] Concurrent Refinement Workers: 8
[2024-03-15T00:41:23.046+0000][0.226s] Periodic GC: Disabled
[2024-03-15T00:41:23.057+0000][0.237s] CDS archive(s) mapped at: [0x00007efd8b000000-0x00007efd8ba5f000-0x00007efd8ba5f000), size 10874880, SharedBaseAddress: 0x00007efd8b000000, ArchiveRelocationMode: 1.
[2024-03-15T00:41:23.057+0000][0.238s] Compressed class space mapped at: 0x00007efd8c000000-0x00007efdcc000000, reserved size: 1073741824
[2024-03-15T00:41:23.057+0000][0.238s] Narrow klass base: 0x00007efd8b000000, Narrow klass shift: 0, Narrow klass range: 0x100000000
[2024-03-15T00:41:24.340+0000][1.520s] GC(0) Pause Young (Normal) (G1 Evacuation Pause)
[2024-03-15T00:41:24.340+0000][1.521s] GC(0) Using 8 workers of 8 for evacuation
[2024-03-15T00:41:24.346+0000][1.526s] GC(0)   Pre Evacuate Collection Set: 0.2ms
[2024-03-15T00:41:24.346+0000][1.526s] GC(0)   Merge Heap Roots: 0.3ms
[2024-03-15T00:41:24.346+0000][1.527s] GC(0)   Evacuate Collection Set: 3.6ms
[2024-03-15T00:41:24.347+0000][1.527s] GC(0)   Post Evacuate Collection Set: 0.9ms
[2024-03-15T00:41:24.347+0000][1.527s] GC(0)   Other: 0.8ms
[2024-03-15T00:41:24.347+0000][1.527s] GC(0) Eden regions: 29->0(57)
[2024-03-15T00:41:24.347+0000][1.528s] GC(0) Survivor regions: 0->4(4)
[2024-03-15T00:41:24.348+0000][1.528s] GC(0) Old regions: 0->1
[2024-03-15T00:41:24.348+0000][1.528s] GC(0) Archive regions: 2->2
[2024-03-15T00:41:24.348+0000][1.528s] GC(0) Humongous regions: 0->0
[2024-03-15T00:41:24.348+0000][1.529s] GC(0) Metaspace: 10031K(10304K)->10031K(10304K) NonClass: 8782K(8896K)->8782K(8896K) Class: 1249K(1408K)->1249K(1408K)
[2024-03-15T00:41:24.348+0000][1.529s] GC(0) Pause Young (Normal) (G1 Evacuation Pause) 29M->5M(512M) 8.342ms
[2024-03-15T00:41:24.349+0000][1.529s] GC(0) User=0.02s Sys=0.02s Real=0.01s
[2024-03-15T00:41:25.459+0000][2.639s] GC(1) Pause Young (Normal) (G1 Evacuation Pause)
[2024-03-15T00:41:25.459+0000][2.639s] GC(1) Using 8 workers of 8 for evacuation
[2024-03-15T00:41:25.471+0000][2.652s] GC(1)   Pre Evacuate Collection Set: 0.2ms
[2024-03-15T00:41:25.472+0000][2.652s] GC(1)   Merge Heap Roots: 0.2ms
[2024-03-15T00:41:25.472+0000][2.652s] GC(1)   Evacuate Collection Set: 10.4ms
[2024-03-15T00:41:25.472+0000][2.652s] GC(1)   Post Evacuate Collection Set: 1.1ms
[2024-03-15T00:41:25.472+0000][2.653s] GC(1)   Other: 0.7ms
[2024-03-15T00:41:25.472+0000][2.653s] GC(1) Eden regions: 54->0(63)
[2024-03-15T00:41:25.473+0000][2.653s] GC(1) Survivor regions: 4->8(8)
[2024-03-15T00:41:25.473+0000][2.653s] GC(1) Old regions: 1->9
[2024-03-15T00:41:25.473+0000][2.653s] GC(1) Archive regions: 2->2
[2024-03-15T00:41:25.473+0000][2.654s] GC(1) Humongous regions: 4->4
[2024-03-15T00:41:25.474+0000][2.654s] GC(1) Metaspace: 17908K(18112K)->17908K(18112K) NonClass: 15692K(15808K)->15692K(15808K) Class: 2215K(2304K)->2215K(2304K)
[2024-03-15T00:41:25.474+0000][2.654s] GC(1) Pause Young (Normal) (G1 Evacuation Pause) 63M->21M(512M) 15.172ms
[2024-03-15T00:41:25.474+0000][2.654s] GC(1) User=0.07s Sys=0.00s Real=0.01s
[2024-03-15T00:41:26.241+0000][3.421s] GC(2) Pause Young (Concurrent Start) (Metadata GC Threshold)
[2024-03-15T00:41:26.241+0000][3.422s] GC(2) Using 8 workers of 8 for evacuation
[2024-03-15T00:41:26.250+0000][3.430s] GC(2)   Pre Evacuate Collection Set: 0.3ms
[2024-03-15T00:41:26.250+0000][3.430s] GC(2)   Merge Heap Roots: 0.2ms
[2024-03-15T00:41:26.250+0000][3.431s] GC(2)   Evacuate Collection Set: 6.1ms
[2024-03-15T00:41:26.253+0000][3.433s] GC(2)   Post Evacuate Collection Set: 1.2ms
[2024-03-15T00:41:26.253+0000][3.434s] GC(2)   Other: 1.0ms
[2024-03-15T00:41:26.254+0000][3.434s] GC(2) Eden regions: 32->0(74)
[2024-03-15T00:41:26.254+0000][3.434s] GC(2) Survivor regions: 8->3(9)
[2024-03-15T00:41:26.254+0000][3.435s] GC(2) Old regions: 9->18
[2024-03-15T00:41:26.254+0000][3.435s] GC(2) Archive regions: 2->2
[2024-03-15T00:41:26.255+0000][3.435s] GC(2) Humongous regions: 4->4
[2024-03-15T00:41:26.255+0000][3.435s] GC(2) Metaspace: 21154K(21504K)->21154K(21504K) NonClass: 18536K(18688K)->18536K(18688K) Class: 2618K(2816K)->2618K(2816K)
[2024-03-15T00:41:26.255+0000][3.436s] GC(2) Pause Young (Concurrent Start) (Metadata GC Threshold) 53M->24M(512M) 14.365ms
[2024-03-15T00:41:26.255+0000][3.436s] GC(2) User=0.05s Sys=0.00s Real=0.02s
[2024-03-15T00:41:26.256+0000][3.436s] GC(3) Concurrent Mark Cycle
[2024-03-15T00:41:26.256+0000][3.436s] GC(3) Concurrent Clear Claimed Marks
[2024-03-15T00:41:26.257+0000][3.437s] GC(3) Concurrent Clear Claimed Marks 0.381ms
[2024-03-15T00:41:26.257+0000][3.438s] GC(3) Concurrent Scan Root Regions
[2024-03-15T00:41:26.263+0000][3.443s] GC(3) Concurrent Scan Root Regions 5.404ms
[2024-03-15T00:41:26.264+0000][3.444s] GC(3) Concurrent Mark
[2024-03-15T00:41:26.264+0000][3.445s] GC(3) Concurrent Mark From Roots
[2024-03-15T00:41:26.265+0000][3.445s] GC(3) Using 2 workers of 2 for marking
[2024-03-15T00:41:26.284+0000][3.464s] GC(3) Concurrent Mark From Roots 19.652ms
[2024-03-15T00:41:26.284+0000][3.465s] GC(3) Concurrent Preclean
[2024-03-15T00:41:26.285+0000][3.465s] GC(3) Concurrent Preclean 0.536ms
[2024-03-15T00:41:26.285+0000][3.466s] GC(3) Pause Remark
[2024-03-15T00:41:26.289+0000][3.470s] GC(3) Pause Remark 26M->26M(512M) 3.945ms
[2024-03-15T00:41:26.290+0000][3.470s] GC(3) User=0.02s Sys=0.00s Real=0.01s
[2024-03-15T00:41:26.290+0000][3.470s] GC(3) Concurrent Mark 26.122ms
[2024-03-15T00:41:26.290+0000][3.471s] GC(3) Concurrent Rebuild Remembered Sets
[2024-03-15T00:41:26.303+0000][3.483s] GC(3) Concurrent Rebuild Remembered Sets 12.419ms
[2024-03-15T00:41:26.303+0000][3.484s] GC(3) Pause Cleanup
[2024-03-15T00:41:26.304+0000][3.484s] GC(3) Pause Cleanup 26M->26M(512M) 0.494ms
[2024-03-15T00:41:26.304+0000][3.485s] GC(3) User=0.00s Sys=0.00s Real=0.00s
[2024-03-15T00:41:26.305+0000][3.485s] GC(3) Concurrent Cleanup for Next Mark
[2024-03-15T00:41:26.306+0000][3.486s] GC(3) Concurrent Cleanup for Next Mark 0.940ms
[2024-03-15T00:41:26.306+0000][3.486s] GC(3) Concurrent Mark Cycle 50.177ms
[2024-03-15T00:41:28.445+0000][5.626s] GC(4) Pause Young (Prepare Mixed) (G1 Evacuation Pause)
[2024-03-15T00:41:28.446+0000][5.626s] GC(4) Using 8 workers of 8 for evacuation
[2024-03-15T00:41:28.452+0000][5.633s] GC(4)   Pre Evacuate Collection Set: 0.2ms
[2024-03-15T00:41:28.453+0000][5.633s] GC(4)   Merge Heap Roots: 0.1ms
[2024-03-15T00:41:28.453+0000][5.633s] GC(4)   Evacuate Collection Set: 4.7ms
[2024-03-15T00:41:28.453+0000][5.634s] GC(4)   Post Evacuate Collection Set: 1.6ms
[2024-03-15T00:41:28.454+0000][5.634s] GC(4)   Other: 0.8ms
[2024-03-15T00:41:28.454+0000][5.634s] GC(4) Eden regions: 74->0(18)
[2024-03-15T00:41:28.454+0000][5.634s] GC(4) Survivor regions: 3->7(10)
[2024-03-15T00:41:28.455+0000][5.635s] GC(4) Old regions: 18->18
[2024-03-15T00:41:28.456+0000][5.636s] GC(4) Archive regions: 2->2
[2024-03-15T00:41:28.456+0000][5.637s] GC(4) Humongous regions: 4->4
[2024-03-15T00:41:28.457+0000][5.637s] GC(4) Metaspace: 33494K(33856K)->33494K(33856K) NonClass: 29312K(29504K)->29312K(29504K) Class: 4181K(4352K)->4181K(4352K)
[2024-03-15T00:41:28.457+0000][5.637s] GC(4) Pause Young (Prepare Mixed) (G1 Evacuation Pause) 98M->28M(512M) 11.770ms
[2024-03-15T00:41:28.457+0000][5.638s] GC(4) User=0.07s Sys=0.00s Real=0.02s
[2024-03-15T00:41:28.843+0000][6.023s] GC(5) Pause Young (Mixed) (G1 Evacuation Pause)
[2024-03-15T00:41:28.843+0000][6.024s] GC(5) Using 8 workers of 8 for evacuation
[2024-03-15T00:41:28.849+0000][6.030s] GC(5)   Pre Evacuate Collection Set: 0.2ms
[2024-03-15T00:41:28.850+0000][6.030s] GC(5)   Merge Heap Roots: 0.1ms
[2024-03-15T00:41:28.850+0000][6.030s] GC(5)   Evacuate Collection Set: 4.5ms
[2024-03-15T00:41:28.850+0000][6.030s] GC(5)   Post Evacuate Collection Set: 0.7ms
[2024-03-15T00:41:28.850+0000][6.030s] GC(5)   Other: 0.7ms
[2024-03-15T00:41:28.850+0000][6.031s] GC(5) Eden regions: 18->0(305)
[2024-03-15T00:41:28.850+0000][6.031s] GC(5) Survivor regions: 7->2(4)
[2024-03-15T00:41:28.851+0000][6.031s] GC(5) Old regions: 18->24
[2024-03-15T00:41:28.851+0000][6.031s] GC(5) Archive regions: 2->2
[2024-03-15T00:41:28.851+0000][6.031s] GC(5) Humongous regions: 4->4
[2024-03-15T00:41:28.851+0000][6.031s] GC(5) Metaspace: 35739K(36160K)->35739K(36160K) NonClass: 31248K(31424K)->31248K(31424K) Class: 4491K(4736K)->4491K(4736K)
[2024-03-15T00:41:28.851+0000][6.032s] GC(5) Pause Young (Mixed) (G1 Evacuation Pause) 46M->29M(512M) 8.310ms
[2024-03-15T00:41:28.851+0000][6.032s] GC(5) User=0.03s Sys=0.00s Real=0.01s
[2024-03-15T00:41:28.853+0000][6.034s] GC(6) Pause Young (Concurrent Start) (Metadata GC Threshold)
[2024-03-15T00:41:28.854+0000][6.034s] GC(6) Using 8 workers of 8 for evacuation
[2024-03-15T00:41:28.857+0000][6.037s] GC(6)   Pre Evacuate Collection Set: 0.3ms
[2024-03-15T00:41:28.857+0000][6.037s] GC(6)   Merge Heap Roots: 0.2ms
[2024-03-15T00:41:28.857+0000][6.038s] GC(6)   Evacuate Collection Set: 1.6ms
[2024-03-15T00:41:28.857+0000][6.038s] GC(6)   Post Evacuate Collection Set: 0.7ms
[2024-03-15T00:41:28.858+0000][6.038s] GC(6)   Other: 0.6ms
[2024-03-15T00:41:28.858+0000][6.038s] GC(6) Eden regions: 1->0(305)
[2024-03-15T00:41:28.858+0000][6.038s] GC(6) Survivor regions: 2->2(39)
[2024-03-15T00:41:28.858+0000][6.038s] GC(6) Old regions: 24->24
[2024-03-15T00:41:28.858+0000][6.039s] GC(6) Archive regions: 2->2
[2024-03-15T00:41:28.858+0000][6.039s] GC(6) Humongous regions: 4->4
[2024-03-15T00:41:28.859+0000][6.039s] GC(6) Metaspace: 35771K(36160K)->35771K(36160K) NonClass: 31278K(31424K)->31278K(31424K) Class: 4493K(4736K)->4493K(4736K)
[2024-03-15T00:41:28.859+0000][6.039s] GC(6) Pause Young (Concurrent Start) (Metadata GC Threshold) 30M->29M(512M) 5.382ms
[2024-03-15T00:41:28.859+0000][6.039s] GC(6) User=0.02s Sys=0.00s Real=0.01s
[2024-03-15T00:41:28.859+0000][6.040s] GC(7) Concurrent Mark Cycle
[2024-03-15T00:41:28.859+0000][6.040s] GC(7) Concurrent Clear Claimed Marks
[2024-03-15T00:41:28.860+0000][6.040s] GC(7) Concurrent Clear Claimed Marks 0.266ms
[2024-03-15T00:41:28.860+0000][6.040s] GC(7) Concurrent Scan Root Regions
[2024-03-15T00:41:28.862+0000][6.042s] GC(7) Concurrent Scan Root Regions 1.619ms
[2024-03-15T00:41:28.862+0000][6.042s] GC(7) Concurrent Mark
[2024-03-15T00:41:28.862+0000][6.042s] GC(7) Concurrent Mark From Roots
[2024-03-15T00:41:28.862+0000][6.043s] GC(7) Using 2 workers of 2 for marking
[2024-03-15T00:41:28.890+0000][6.070s] GC(7) Concurrent Mark From Roots 27.734ms
[2024-03-15T00:41:28.890+0000][6.070s] GC(7) Concurrent Preclean
[2024-03-15T00:41:28.890+0000][6.071s] GC(7) Concurrent Preclean 0.370ms
[2024-03-15T00:41:28.891+0000][6.071s] GC(7) Pause Remark
[2024-03-15T00:41:28.894+0000][6.075s] GC(7) Pause Remark 33M->33M(512M) 3.451ms
[2024-03-15T00:41:28.895+0000][6.075s] GC(7) User=0.02s Sys=0.00s Real=0.00s
[2024-03-15T00:41:28.895+0000][6.075s] GC(7) Concurrent Mark 33.142ms
[2024-03-15T00:41:28.895+0000][6.076s] GC(7) Concurrent Rebuild Remembered Sets
[2024-03-15T00:41:28.912+0000][6.093s] GC(7) Concurrent Rebuild Remembered Sets 16.986ms
[2024-03-15T00:41:28.913+0000][6.093s] GC(7) Pause Cleanup
[2024-03-15T00:41:28.913+0000][6.093s] GC(7) Pause Cleanup 34M->34M(512M) 0.494ms
[2024-03-15T00:41:28.913+0000][6.094s] GC(7) User=0.00s Sys=0.00s Real=0.00s
[2024-03-15T00:41:28.914+0000][6.094s] GC(7) Concurrent Cleanup for Next Mark
[2024-03-15T00:41:28.915+0000][6.095s] GC(7) Concurrent Cleanup for Next Mark 1.018ms
[2024-03-15T00:41:28.915+0000][6.095s] GC(7) Concurrent Mark Cycle 55.951ms
[2024-03-15T00:52:50.025+0000][687.209s] Heap
[2024-03-15T00:52:50.025+0000][687.209s]  garbage-first heap   total 524288K, used 198520K [0x00000000e0000000, 0x0000000100000000)
[2024-03-15T00:52:50.025+0000][687.210s]   region size 1024K, 166 young (169984K), 2 survivors (2048K)
[2024-03-15T00:52:50.026+0000][687.210s]  Metaspace       used 52811K, committed 53376K, reserved 1114112K
[2024-03-15T00:52:50.026+0000][687.210s]   class space    used 6839K, committed 7104K, reserved 1048576K
