[2024-03-17T19:59:15.889+0000][0.067s] Using G1
[2024-03-17T19:59:16.058+0000][0.236s] Version: 17.0.10+7 (release)
[2024-03-17T19:59:16.058+0000][0.236s] CPUs: 8 total, 8 available
[2024-03-17T19:59:16.059+0000][0.236s] Memory: 7893M
[2024-03-17T19:59:16.059+0000][0.237s] Large Page Support: Disabled
[2024-03-17T19:59:16.059+0000][0.237s] NUMA Support: Disabled
[2024-03-17T19:59:16.059+0000][0.237s] Compressed Oops: Enabled (32-bit)
[2024-03-17T19:59:16.060+0000][0.237s] Heap Region Size: 1M
[2024-03-17T19:59:16.060+0000][0.238s] Heap Min Capacity: 512M
[2024-03-17T19:59:16.060+0000][0.238s] Heap Initial Capacity: 512M
[2024-03-17T19:59:16.060+0000][0.238s] Heap Max Capacity: 512M
[2024-03-17T19:59:16.060+0000][0.238s] Pre-touch: Enabled
[2024-03-17T19:59:16.061+0000][0.238s] Parallel Workers: 8
[2024-03-17T19:59:16.061+0000][0.238s] Concurrent Workers: 2
[2024-03-17T19:59:16.061+0000][0.239s] Concurrent Refinement Workers: 8
[2024-03-17T19:59:16.061+0000][0.239s] Periodic GC: Disabled
[2024-03-17T19:59:16.114+0000][0.291s] CDS archive(s) mapped at: [0x00007f8fbb000000-0x00007f8fbba5f000-0x00007f8fbba5f000), size 10874880, SharedBaseAddress: 0x00007f8fbb000000, ArchiveRelocationMode: 1.
[2024-03-17T19:59:16.114+0000][0.292s] Compressed class space mapped at: 0x00007f8fbc000000-0x00007f8ffc000000, reserved size: 1073741824
[2024-03-17T19:59:16.114+0000][0.292s] Narrow klass base: 0x00007f8fbb000000, Narrow klass shift: 0, Narrow klass range: 0x100000000
[2024-03-17T19:59:17.625+0000][1.803s] GC(0) Pause Young (Normal) (G1 Evacuation Pause)
[2024-03-17T19:59:17.626+0000][1.803s] GC(0) Using 8 workers of 8 for evacuation
[2024-03-17T19:59:17.631+0000][1.808s] GC(0)   Pre Evacuate Collection Set: 0.2ms
[2024-03-17T19:59:17.631+0000][1.809s] GC(0)   Merge Heap Roots: 0.5ms
[2024-03-17T19:59:17.631+0000][1.809s] GC(0)   Evacuate Collection Set: 2.7ms
[2024-03-17T19:59:17.632+0000][1.809s] GC(0)   Post Evacuate Collection Set: 1.0ms
[2024-03-17T19:59:17.632+0000][1.810s] GC(0)   Other: 1.2ms
[2024-03-17T19:59:17.632+0000][1.810s] GC(0) Eden regions: 29->0(57)
[2024-03-17T19:59:17.633+0000][1.810s] GC(0) Survivor regions: 0->4(4)
[2024-03-17T19:59:17.633+0000][1.811s] GC(0) Old regions: 0->1
[2024-03-17T19:59:17.633+0000][1.811s] GC(0) Archive regions: 2->2
[2024-03-17T19:59:17.633+0000][1.811s] GC(0) Humongous regions: 0->0
[2024-03-17T19:59:17.633+0000][1.811s] GC(0) Metaspace: 9975K(10240K)->9975K(10240K) NonClass: 8732K(8832K)->8732K(8832K) Class: 1242K(1408K)->1242K(1408K)
[2024-03-17T19:59:17.634+0000][1.812s] GC(0) Pause Young (Normal) (G1 Evacuation Pause) 29M->5M(512M) 8.649ms
[2024-03-17T19:59:17.634+0000][1.812s] GC(0) User=0.02s Sys=0.01s Real=0.00s
[2024-03-17T19:59:18.756+0000][2.934s] GC(1) Pause Young (Normal) (G1 Evacuation Pause)
[2024-03-17T19:59:18.756+0000][2.934s] GC(1) Using 8 workers of 8 for evacuation
[2024-03-17T19:59:18.766+0000][2.943s] GC(1)   Pre Evacuate Collection Set: 0.2ms
[2024-03-17T19:59:18.766+0000][2.944s] GC(1)   Merge Heap Roots: 0.1ms
[2024-03-17T19:59:18.766+0000][2.944s] GC(1)   Evacuate Collection Set: 7.5ms
[2024-03-17T19:59:18.766+0000][2.944s] GC(1)   Post Evacuate Collection Set: 1.0ms
[2024-03-17T19:59:18.767+0000][2.944s] GC(1)   Other: 0.7ms
[2024-03-17T19:59:18.767+0000][2.945s] GC(1) Eden regions: 55->0(64)
[2024-03-17T19:59:18.767+0000][2.945s] GC(1) Survivor regions: 4->8(8)
[2024-03-17T19:59:18.767+0000][2.945s] GC(1) Old regions: 1->9
[2024-03-17T19:59:18.768+0000][2.945s] GC(1) Archive regions: 2->2
[2024-03-17T19:59:18.768+0000][2.945s] GC(1) Humongous regions: 4->4
[2024-03-17T19:59:18.768+0000][2.946s] GC(1) Metaspace: 17948K(18240K)->17948K(18240K) NonClass: 15732K(15936K)->15732K(15936K) Class: 2216K(2304K)->2216K(2304K)
[2024-03-17T19:59:18.768+0000][2.946s] GC(1) Pause Young (Normal) (G1 Evacuation Pause) 64M->21M(512M) 12.119ms
[2024-03-17T19:59:18.768+0000][2.946s] GC(1) User=0.05s Sys=0.02s Real=0.01s
[2024-03-17T19:59:19.254+0000][3.432s] GC(2) Pause Young (Concurrent Start) (Metadata GC Threshold)
[2024-03-17T19:59:19.255+0000][3.433s] GC(2) Using 8 workers of 8 for evacuation
[2024-03-17T19:59:19.262+0000][3.439s] GC(2)   Pre Evacuate Collection Set: 0.2ms
[2024-03-17T19:59:19.262+0000][3.440s] GC(2)   Merge Heap Roots: 0.1ms
[2024-03-17T19:59:19.262+0000][3.440s] GC(2)   Evacuate Collection Set: 4.7ms
[2024-03-17T19:59:19.263+0000][3.440s] GC(2)   Post Evacuate Collection Set: 1.2ms
[2024-03-17T19:59:19.263+0000][3.441s] GC(2)   Other: 0.9ms
[2024-03-17T19:59:19.263+0000][3.441s] GC(2) Eden regions: 31->0(75)
[2024-03-17T19:59:19.264+0000][3.441s] GC(2) Survivor regions: 8->3(9)
[2024-03-17T19:59:19.264+0000][3.442s] GC(2) Old regions: 9->17
[2024-03-17T19:59:19.264+0000][3.442s] GC(2) Archive regions: 2->2
[2024-03-17T19:59:19.264+0000][3.442s] GC(2) Humongous regions: 4->4
[2024-03-17T19:59:19.264+0000][3.442s] GC(2) Metaspace: 21145K(21504K)->21145K(21504K) NonClass: 18531K(18688K)->18531K(18688K) Class: 2614K(2816K)->2614K(2816K)
[2024-03-17T19:59:19.265+0000][3.442s] GC(2) Pause Young (Concurrent Start) (Metadata GC Threshold) 52M->24M(512M) 10.193ms
[2024-03-17T19:59:19.265+0000][3.443s] GC(2) User=0.04s Sys=0.00s Real=0.01s
[2024-03-17T19:59:19.265+0000][3.443s] GC(3) Concurrent Mark Cycle
[2024-03-17T19:59:19.265+0000][3.443s] GC(3) Concurrent Clear Claimed Marks
[2024-03-17T19:59:19.266+0000][3.444s] GC(3) Concurrent Clear Claimed Marks 0.311ms
[2024-03-17T19:59:19.266+0000][3.444s] GC(3) Concurrent Scan Root Regions
[2024-03-17T19:59:19.269+0000][3.447s] GC(3) Concurrent Scan Root Regions 3.391ms
[2024-03-17T19:59:19.270+0000][3.447s] GC(3) Concurrent Mark
[2024-03-17T19:59:19.270+0000][3.448s] GC(3) Concurrent Mark From Roots
[2024-03-17T19:59:19.270+0000][3.448s] GC(3) Using 2 workers of 2 for marking
[2024-03-17T19:59:19.282+0000][3.460s] GC(3) Concurrent Mark From Roots 12.159ms
[2024-03-17T19:59:19.282+0000][3.460s] GC(3) Concurrent Preclean
[2024-03-17T19:59:19.283+0000][3.461s] GC(3) Concurrent Preclean 0.595ms
[2024-03-17T19:59:19.283+0000][3.461s] GC(3) Pause Remark
[2024-03-17T19:59:19.287+0000][3.464s] GC(3) Pause Remark 25M->25M(512M) 3.163ms
[2024-03-17T19:59:19.287+0000][3.465s] GC(3) User=0.03s Sys=0.00s Real=0.01s
[2024-03-17T19:59:19.287+0000][3.465s] GC(3) Concurrent Mark 17.771ms
[2024-03-17T19:59:19.288+0000][3.465s] GC(3) Concurrent Rebuild Remembered Sets
[2024-03-17T19:59:19.296+0000][3.474s] GC(3) Concurrent Rebuild Remembered Sets 8.527ms
[2024-03-17T19:59:19.297+0000][3.475s] GC(3) Pause Cleanup
[2024-03-17T19:59:19.297+0000][3.475s] GC(3) Pause Cleanup 25M->25M(512M) 0.563ms
[2024-03-17T19:59:19.298+0000][3.475s] GC(3) User=0.00s Sys=0.00s Real=0.00s
[2024-03-17T19:59:19.298+0000][3.476s] GC(3) Concurrent Cleanup for Next Mark
[2024-03-17T19:59:19.299+0000][3.477s] GC(3) Concurrent Cleanup for Next Mark 0.776ms
[2024-03-17T19:59:19.299+0000][3.477s] GC(3) Concurrent Mark Cycle 34.237ms
[2024-03-17T19:59:20.926+0000][5.103s] GC(4) Pause Young (Prepare Mixed) (G1 Evacuation Pause)
[2024-03-17T19:59:20.926+0000][5.104s] GC(4) Using 8 workers of 8 for evacuation
[2024-03-17T19:59:20.932+0000][5.110s] GC(4)   Pre Evacuate Collection Set: 0.2ms
[2024-03-17T19:59:20.932+0000][5.110s] GC(4)   Merge Heap Roots: 0.2ms
[2024-03-17T19:59:20.932+0000][5.110s] GC(4)   Evacuate Collection Set: 4.2ms
[2024-03-17T19:59:20.933+0000][5.110s] GC(4)   Post Evacuate Collection Set: 1.2ms
[2024-03-17T19:59:20.933+0000][5.111s] GC(4)   Other: 0.5ms
[2024-03-17T19:59:20.933+0000][5.111s] GC(4) Eden regions: 75->0(18)
[2024-03-17T19:59:20.933+0000][5.111s] GC(4) Survivor regions: 3->7(10)
[2024-03-17T19:59:20.933+0000][5.111s] GC(4) Old regions: 17->17
[2024-03-17T19:59:20.934+0000][5.111s] GC(4) Archive regions: 2->2
[2024-03-17T19:59:20.934+0000][5.112s] GC(4) Humongous regions: 4->4
[2024-03-17T19:59:20.934+0000][5.112s] GC(4) Metaspace: 33565K(33920K)->33565K(33920K) NonClass: 29376K(29568K)->29376K(29568K) Class: 4189K(4352K)->4189K(4352K)
[2024-03-17T19:59:20.934+0000][5.112s] GC(4) Pause Young (Prepare Mixed) (G1 Evacuation Pause) 99M->28M(512M) 8.491ms
[2024-03-17T19:59:20.934+0000][5.112s] GC(4) User=0.02s Sys=0.01s Real=0.00s
[2024-03-17T19:59:21.333+0000][5.511s] GC(5) Pause Young (Mixed) (G1 Evacuation Pause)
[2024-03-17T19:59:21.334+0000][5.511s] GC(5) Using 8 workers of 8 for evacuation
[2024-03-17T19:59:21.341+0000][5.518s] GC(5)   Pre Evacuate Collection Set: 0.2ms
[2024-03-17T19:59:21.341+0000][5.519s] GC(5)   Merge Heap Roots: 0.1ms
[2024-03-17T19:59:21.341+0000][5.519s] GC(5)   Evacuate Collection Set: 5.7ms
[2024-03-17T19:59:21.341+0000][5.519s] GC(5)   Post Evacuate Collection Set: 0.7ms
[2024-03-17T19:59:21.341+0000][5.519s] GC(5)   Other: 0.7ms
[2024-03-17T19:59:21.342+0000][5.519s] GC(5) Eden regions: 18->0(305)
[2024-03-17T19:59:21.342+0000][5.520s] GC(5) Survivor regions: 7->2(4)
[2024-03-17T19:59:21.342+0000][5.520s] GC(5) Old regions: 17->24
[2024-03-17T19:59:21.342+0000][5.520s] GC(5) Archive regions: 2->2
[2024-03-17T19:59:21.342+0000][5.520s] GC(5) Humongous regions: 4->4
[2024-03-17T19:59:21.342+0000][5.520s] GC(5) Metaspace: 35258K(35584K)->35258K(35584K) NonClass: 30833K(30976K)->30833K(30976K) Class: 4425K(4608K)->4425K(4608K)
[2024-03-17T19:59:21.343+0000][5.520s] GC(5) Pause Young (Mixed) (G1 Evacuation Pause) 46M->29M(512M) 9.252ms
[2024-03-17T19:59:21.343+0000][5.521s] GC(5) User=0.05s Sys=0.00s Real=0.01s
[2024-03-17T19:59:21.400+0000][5.577s] GC(6) Pause Young (Concurrent Start) (Metadata GC Threshold)
[2024-03-17T19:59:21.400+0000][5.578s] GC(6) Using 8 workers of 8 for evacuation
[2024-03-17T19:59:21.403+0000][5.581s] GC(6)   Pre Evacuate Collection Set: 0.2ms
[2024-03-17T19:59:21.403+0000][5.581s] GC(6)   Merge Heap Roots: 0.2ms
[2024-03-17T19:59:21.403+0000][5.581s] GC(6)   Evacuate Collection Set: 1.5ms
[2024-03-17T19:59:21.404+0000][5.581s] GC(6)   Post Evacuate Collection Set: 0.7ms
[2024-03-17T19:59:21.404+0000][5.581s] GC(6)   Other: 0.8ms
[2024-03-17T19:59:21.404+0000][5.582s] GC(6) Eden regions: 5->0(305)
[2024-03-17T19:59:21.404+0000][5.582s] GC(6) Survivor regions: 2->2(39)
[2024-03-17T19:59:21.404+0000][5.582s] GC(6) Old regions: 24->24
[2024-03-17T19:59:21.404+0000][5.582s] GC(6) Archive regions: 2->2
[2024-03-17T19:59:21.405+0000][5.582s] GC(6) Humongous regions: 4->4
[2024-03-17T19:59:21.405+0000][5.582s] GC(6) Metaspace: 35903K(36288K)->35903K(36288K) NonClass: 31403K(31552K)->31403K(31552K) Class: 4499K(4736K)->4499K(4736K)
[2024-03-17T19:59:21.405+0000][5.583s] GC(6) Pause Young (Concurrent Start) (Metadata GC Threshold) 34M->29M(512M) 5.249ms
[2024-03-17T19:59:21.405+0000][5.583s] GC(6) User=0.02s Sys=0.00s Real=0.01s
[2024-03-17T19:59:21.405+0000][5.583s] GC(7) Concurrent Mark Cycle
[2024-03-17T19:59:21.405+0000][5.583s] GC(7) Concurrent Clear Claimed Marks
[2024-03-17T19:59:21.406+0000][5.583s] GC(7) Concurrent Clear Claimed Marks 0.195ms
[2024-03-17T19:59:21.406+0000][5.584s] GC(7) Concurrent Scan Root Regions
[2024-03-17T19:59:21.408+0000][5.585s] GC(7) Concurrent Scan Root Regions 1.773ms
[2024-03-17T19:59:21.408+0000][5.586s] GC(7) Concurrent Mark
[2024-03-17T19:59:21.408+0000][5.586s] GC(7) Concurrent Mark From Roots
[2024-03-17T19:59:21.408+0000][5.586s] GC(7) Using 2 workers of 2 for marking
[2024-03-17T19:59:21.438+0000][5.616s] GC(7) Concurrent Mark From Roots 29.903ms
[2024-03-17T19:59:21.438+0000][5.616s] GC(7) Concurrent Preclean
[2024-03-17T19:59:21.439+0000][5.616s] GC(7) Concurrent Preclean 0.366ms
[2024-03-17T19:59:21.439+0000][5.617s] GC(7) Pause Remark
[2024-03-17T19:59:21.442+0000][5.620s] GC(7) Pause Remark 32M->32M(512M) 3.368ms
[2024-03-17T19:59:21.443+0000][5.620s] GC(7) User=0.02s Sys=0.00s Real=0.00s
[2024-03-17T19:59:21.443+0000][5.621s] GC(7) Concurrent Mark 34.994ms
[2024-03-17T19:59:21.443+0000][5.621s] GC(7) Concurrent Rebuild Remembered Sets
[2024-03-17T19:59:21.456+0000][5.634s] GC(7) Concurrent Rebuild Remembered Sets 13.197ms
[2024-03-17T19:59:21.457+0000][5.635s] GC(7) Pause Cleanup
[2024-03-17T19:59:21.458+0000][5.636s] GC(7) Pause Cleanup 33M->33M(512M) 0.444ms
[2024-03-17T19:59:21.458+0000][5.636s] GC(7) User=0.00s Sys=0.00s Real=0.00s
[2024-03-17T19:59:21.458+0000][5.636s] GC(7) Concurrent Cleanup for Next Mark
[2024-03-17T19:59:21.459+0000][5.637s] GC(7) Concurrent Cleanup for Next Mark 0.786ms
[2024-03-17T19:59:21.460+0000][5.637s] GC(7) Concurrent Mark Cycle 54.385ms
[2024-03-17T20:00:20.406+0000][64.586s] Heap
[2024-03-17T20:00:20.407+0000][64.586s]  garbage-first heap   total 524288K, used 300565K [0x00000000e0000000, 0x0000000100000000)
[2024-03-17T20:00:20.407+0000][64.586s]   region size 1024K, 266 young (272384K), 2 survivors (2048K)
[2024-03-17T20:00:20.407+0000][64.587s]  Metaspace       used 54195K, committed 54720K, reserved 1114112K
[2024-03-17T20:00:20.407+0000][64.587s]   class space    used 6991K, committed 7232K, reserved 1048576K
